// Vitest Snapshot v1, https://vitest.dev/guide/snapshot.html

exports[`should render demo and match snapshot 1`] = `
<!--[-->
<div>
  <!--[-->
  <div
    role="radiogroup"
    class="mi-rate"
    tabindex="0"
    aria-disabled="false"
    aria-readonly="false"
  >
    <!--[-->
    <div
      role="radio"
      style
      class="mi-rate__item"
      tabindex="0"
      aria-setsize="5"
      aria-posinset="1"
      aria-checked="true"
    >
      <i
        class="mi-badge__wrapper mi-icon mi-icon-star mi-rate__icon mi-rate__icon--full"
        style
      >
        <!--[-->
      </i>
    </div>
    <div
      role="radio"
      style
      class="mi-rate__item"
      tabindex="0"
      aria-setsize="5"
      aria-posinset="2"
      aria-checked="true"
    >
      <i
        class="mi-badge__wrapper mi-icon mi-icon-star mi-rate__icon mi-rate__icon--full"
        style
      >
        <!--[-->
      </i>
    </div>
    <div
      role="radio"
      style
      class="mi-rate__item"
      tabindex="0"
      aria-setsize="5"
      aria-posinset="3"
      aria-checked="true"
    >
      <i
        class="mi-badge__wrapper mi-icon mi-icon-star mi-rate__icon mi-rate__icon--full"
        style
      >
        <!--[-->
      </i>
    </div>
    <div
      role="radio"
      style
      class="mi-rate__item"
      tabindex="0"
      aria-setsize="5"
      aria-posinset="4"
      aria-checked="false"
    >
      <i
        class="mi-badge__wrapper mi-icon mi-icon-star-o mi-rate__icon"
        style
      >
        <!--[-->
      </i>
    </div>
    <div
      role="radio"
      style
      class="mi-rate__item"
      tabindex="0"
      aria-setsize="5"
      aria-posinset="5"
      aria-checked="false"
    >
      <i
        class="mi-badge__wrapper mi-icon mi-icon-star-o mi-rate__icon"
        style
      >
        <!--[-->
      </i>
    </div>
  </div>
</div>
<div>
  <!--[-->
  <div
    role="radiogroup"
    class="mi-rate"
    tabindex="0"
    aria-disabled="false"
    aria-readonly="false"
  >
    <!--[-->
    <div
      role="radio"
      style
      class="mi-rate__item"
      tabindex="0"
      aria-setsize="5"
      aria-posinset="1"
      aria-checked="true"
    >
      <i
        class="mi-badge__wrapper mi-icon mi-icon-like mi-rate__icon mi-rate__icon--full"
        style
      >
        <!--[-->
      </i>
    </div>
    <div
      role="radio"
      style
      class="mi-rate__item"
      tabindex="0"
      aria-setsize="5"
      aria-posinset="2"
      aria-checked="true"
    >
      <i
        class="mi-badge__wrapper mi-icon mi-icon-like mi-rate__icon mi-rate__icon--full"
        style
      >
        <!--[-->
      </i>
    </div>
    <div
      role="radio"
      style
      class="mi-rate__item"
      tabindex="0"
      aria-setsize="5"
      aria-posinset="3"
      aria-checked="true"
    >
      <i
        class="mi-badge__wrapper mi-icon mi-icon-like mi-rate__icon mi-rate__icon--full"
        style
      >
        <!--[-->
      </i>
    </div>
    <div
      role="radio"
      style
      class="mi-rate__item"
      tabindex="0"
      aria-setsize="5"
      aria-posinset="4"
      aria-checked="false"
    >
      <i
        class="mi-badge__wrapper mi-icon mi-icon-like-o mi-rate__icon"
        style
      >
        <!--[-->
      </i>
    </div>
    <div
      role="radio"
      style
      class="mi-rate__item"
      tabindex="0"
      aria-setsize="5"
      aria-posinset="5"
      aria-checked="false"
    >
      <i
        class="mi-badge__wrapper mi-icon mi-icon-like-o mi-rate__icon"
        style
      >
        <!--[-->
      </i>
    </div>
  </div>
</div>
<div>
  <!--[-->
  <div
    role="radiogroup"
    class="mi-rate"
    tabindex="0"
    aria-disabled="false"
    aria-readonly="false"
  >
    <!--[-->
    <div
      role="radio"
      style
      class="mi-rate__item"
      tabindex="0"
      aria-setsize="5"
      aria-posinset="1"
      aria-checked="true"
    >
      <i
        class="mi-badge__wrapper mi-icon mi-icon-star mi-rate__icon mi-rate__icon--full"
        style="color:#ffd21e;font-size:25px;"
      >
        <!--[-->
      </i>
    </div>
    <div
      role="radio"
      style
      class="mi-rate__item"
      tabindex="0"
      aria-setsize="5"
      aria-posinset="2"
      aria-checked="true"
    >
      <i
        class="mi-badge__wrapper mi-icon mi-icon-star mi-rate__icon mi-rate__icon--full"
        style="color:#ffd21e;font-size:25px;"
      >
        <!--[-->
      </i>
    </div>
    <div
      role="radio"
      style
      class="mi-rate__item"
      tabindex="0"
      aria-setsize="5"
      aria-posinset="3"
      aria-checked="true"
    >
      <i
        class="mi-badge__wrapper mi-icon mi-icon-star mi-rate__icon mi-rate__icon--full"
        style="color:#ffd21e;font-size:25px;"
      >
        <!--[-->
      </i>
    </div>
    <div
      role="radio"
      style
      class="mi-rate__item"
      tabindex="0"
      aria-setsize="5"
      aria-posinset="4"
      aria-checked="false"
    >
      <i
        class="mi-badge__wrapper mi-icon mi-icon-star mi-rate__icon"
        style="color:#eee;font-size:25px;"
      >
        <!--[-->
      </i>
    </div>
    <div
      role="radio"
      style
      class="mi-rate__item"
      tabindex="0"
      aria-setsize="5"
      aria-posinset="5"
      aria-checked="false"
    >
      <i
        class="mi-badge__wrapper mi-icon mi-icon-star mi-rate__icon"
        style="color:#eee;font-size:25px;"
      >
        <!--[-->
      </i>
    </div>
  </div>
</div>
<div>
  <!--[-->
  <div
    role="radiogroup"
    class="mi-rate"
    tabindex="0"
    aria-disabled="false"
    aria-readonly="false"
  >
    <!--[-->
    <div
      role="radio"
      style
      class="mi-rate__item"
      tabindex="0"
      aria-setsize="5"
      aria-posinset="1"
      aria-checked="true"
    >
      <i
        class="mi-badge__wrapper mi-icon mi-icon-star mi-rate__icon mi-rate__icon--full"
        style
      >
        <!--[-->
      </i>
    </div>
    <div
      role="radio"
      style
      class="mi-rate__item"
      tabindex="0"
      aria-setsize="5"
      aria-posinset="2"
      aria-checked="true"
    >
      <i
        class="mi-badge__wrapper mi-icon mi-icon-star mi-rate__icon mi-rate__icon--full"
        style
      >
        <!--[-->
      </i>
    </div>
    <div
      role="radio"
      style
      class="mi-rate__item"
      tabindex="0"
      aria-setsize="5"
      aria-posinset="3"
      aria-checked="true"
    >
      <i
        class="mi-badge__wrapper mi-icon mi-icon-star-o mi-rate__icon"
        style
      >
        <!--[-->
      </i>
      <i
        class="mi-badge__wrapper mi-icon mi-icon-star mi-rate__icon mi-rate__icon--half mi-rate__icon--full"
        style="width:0.5em;"
      >
        <!--[-->
      </i>
    </div>
    <div
      role="radio"
      style
      class="mi-rate__item"
      tabindex="0"
      aria-setsize="5"
      aria-posinset="4"
      aria-checked="false"
    >
      <i
        class="mi-badge__wrapper mi-icon mi-icon-star-o mi-rate__icon"
        style
      >
        <!--[-->
      </i>
    </div>
    <div
      role="radio"
      style
      class="mi-rate__item"
      tabindex="0"
      aria-setsize="5"
      aria-posinset="5"
      aria-checked="false"
    >
      <i
        class="mi-badge__wrapper mi-icon mi-icon-star-o mi-rate__icon"
        style
      >
        <!--[-->
      </i>
    </div>
  </div>
</div>
<div>
  <!--[-->
  <div
    role="radiogroup"
    class="mi-rate"
    tabindex="0"
    aria-disabled="false"
    aria-readonly="false"
  >
    <!--[-->
    <div
      role="radio"
      style
      class="mi-rate__item"
      tabindex="0"
      aria-setsize="6"
      aria-posinset="1"
      aria-checked="true"
    >
      <i
        class="mi-badge__wrapper mi-icon mi-icon-star mi-rate__icon mi-rate__icon--full"
        style
      >
        <!--[-->
      </i>
    </div>
    <div
      role="radio"
      style
      class="mi-rate__item"
      tabindex="0"
      aria-setsize="6"
      aria-posinset="2"
      aria-checked="true"
    >
      <i
        class="mi-badge__wrapper mi-icon mi-icon-star mi-rate__icon mi-rate__icon--full"
        style
      >
        <!--[-->
      </i>
    </div>
    <div
      role="radio"
      style
      class="mi-rate__item"
      tabindex="0"
      aria-setsize="6"
      aria-posinset="3"
      aria-checked="true"
    >
      <i
        class="mi-badge__wrapper mi-icon mi-icon-star mi-rate__icon mi-rate__icon--full"
        style
      >
        <!--[-->
      </i>
    </div>
    <div
      role="radio"
      style
      class="mi-rate__item"
      tabindex="0"
      aria-setsize="6"
      aria-posinset="4"
      aria-checked="true"
    >
      <i
        class="mi-badge__wrapper mi-icon mi-icon-star mi-rate__icon mi-rate__icon--full"
        style
      >
        <!--[-->
      </i>
    </div>
    <div
      role="radio"
      style
      class="mi-rate__item"
      tabindex="0"
      aria-setsize="6"
      aria-posinset="5"
      aria-checked="false"
    >
      <i
        class="mi-badge__wrapper mi-icon mi-icon-star-o mi-rate__icon"
        style
      >
        <!--[-->
      </i>
    </div>
    <div
      role="radio"
      style
      class="mi-rate__item"
      tabindex="0"
      aria-setsize="6"
      aria-posinset="6"
      aria-checked="false"
    >
      <i
        class="mi-badge__wrapper mi-icon mi-icon-star-o mi-rate__icon"
        style
      >
        <!--[-->
      </i>
    </div>
  </div>
</div>
<div>
  <!--[-->
  <div
    role="radiogroup"
    class="mi-rate"
    tabindex="0"
    aria-disabled="false"
    aria-readonly="false"
  >
    <!--[-->
    <div
      role="radio"
      style
      class="mi-rate__item"
      tabindex="0"
      aria-setsize="5"
      aria-posinset="1"
      aria-checked="true"
    >
      <i
        class="mi-badge__wrapper mi-icon mi-icon-star mi-rate__icon mi-rate__icon--full"
        style
      >
        <!--[-->
      </i>
    </div>
    <div
      role="radio"
      style
      class="mi-rate__item"
      tabindex="0"
      aria-setsize="5"
      aria-posinset="2"
      aria-checked="true"
    >
      <i
        class="mi-badge__wrapper mi-icon mi-icon-star mi-rate__icon mi-rate__icon--full"
        style
      >
        <!--[-->
      </i>
    </div>
    <div
      role="radio"
      style
      class="mi-rate__item"
      tabindex="0"
      aria-setsize="5"
      aria-posinset="3"
      aria-checked="true"
    >
      <i
        class="mi-badge__wrapper mi-icon mi-icon-star mi-rate__icon mi-rate__icon--full"
        style
      >
        <!--[-->
      </i>
    </div>
    <div
      role="radio"
      style
      class="mi-rate__item"
      tabindex="0"
      aria-setsize="5"
      aria-posinset="4"
      aria-checked="false"
    >
      <i
        class="mi-badge__wrapper mi-icon mi-icon-star-o mi-rate__icon"
        style
      >
        <!--[-->
      </i>
    </div>
    <div
      role="radio"
      style
      class="mi-rate__item"
      tabindex="0"
      aria-setsize="5"
      aria-posinset="5"
      aria-checked="false"
    >
      <i
        class="mi-badge__wrapper mi-icon mi-icon-star-o mi-rate__icon"
        style
      >
        <!--[-->
      </i>
    </div>
  </div>
</div>
<div>
  <!--[-->
  <div
    role="radiogroup"
    class="mi-rate mi-rate--disabled"
    aria-disabled="true"
    aria-readonly="false"
  >
    <!--[-->
    <div
      role="radio"
      style
      class="mi-rate__item"
      aria-setsize="5"
      aria-posinset="1"
      aria-checked="true"
    >
      <i
        class="mi-badge__wrapper mi-icon mi-icon-star mi-rate__icon mi-rate__icon--disabled mi-rate__icon--full"
        style
      >
        <!--[-->
      </i>
    </div>
    <div
      role="radio"
      style
      class="mi-rate__item"
      aria-setsize="5"
      aria-posinset="2"
      aria-checked="true"
    >
      <i
        class="mi-badge__wrapper mi-icon mi-icon-star mi-rate__icon mi-rate__icon--disabled mi-rate__icon--full"
        style
      >
        <!--[-->
      </i>
    </div>
    <div
      role="radio"
      style
      class="mi-rate__item"
      aria-setsize="5"
      aria-posinset="3"
      aria-checked="true"
    >
      <i
        class="mi-badge__wrapper mi-icon mi-icon-star mi-rate__icon mi-rate__icon--disabled mi-rate__icon--full"
        style
      >
        <!--[-->
      </i>
    </div>
    <div
      role="radio"
      style
      class="mi-rate__item"
      aria-setsize="5"
      aria-posinset="4"
      aria-checked="false"
    >
      <i
        class="mi-badge__wrapper mi-icon mi-icon-star-o mi-rate__icon mi-rate__icon--disabled"
        style
      >
        <!--[-->
      </i>
    </div>
    <div
      role="radio"
      style
      class="mi-rate__item"
      aria-setsize="5"
      aria-posinset="5"
      aria-checked="false"
    >
      <i
        class="mi-badge__wrapper mi-icon mi-icon-star-o mi-rate__icon mi-rate__icon--disabled"
        style
      >
        <!--[-->
      </i>
    </div>
  </div>
</div>
<div>
  <!--[-->
  <div
    role="radiogroup"
    class="mi-rate mi-rate--readonly"
    tabindex="0"
    aria-disabled="false"
    aria-readonly="true"
  >
    <!--[-->
    <div
      role="radio"
      style
      class="mi-rate__item"
      tabindex="0"
      aria-setsize="5"
      aria-posinset="1"
      aria-checked="true"
    >
      <i
        class="mi-badge__wrapper mi-icon mi-icon-star mi-rate__icon mi-rate__icon--full"
        style
      >
        <!--[-->
      </i>
    </div>
    <div
      role="radio"
      style
      class="mi-rate__item"
      tabindex="0"
      aria-setsize="5"
      aria-posinset="2"
      aria-checked="true"
    >
      <i
        class="mi-badge__wrapper mi-icon mi-icon-star mi-rate__icon mi-rate__icon--full"
        style
      >
        <!--[-->
      </i>
    </div>
    <div
      role="radio"
      style
      class="mi-rate__item"
      tabindex="0"
      aria-setsize="5"
      aria-posinset="3"
      aria-checked="true"
    >
      <i
        class="mi-badge__wrapper mi-icon mi-icon-star mi-rate__icon mi-rate__icon--full"
        style
      >
        <!--[-->
      </i>
    </div>
    <div
      role="radio"
      style
      class="mi-rate__item"
      tabindex="0"
      aria-setsize="5"
      aria-posinset="4"
      aria-checked="false"
    >
      <i
        class="mi-badge__wrapper mi-icon mi-icon-star-o mi-rate__icon"
        style
      >
        <!--[-->
      </i>
    </div>
    <div
      role="radio"
      style
      class="mi-rate__item"
      tabindex="0"
      aria-setsize="5"
      aria-posinset="5"
      aria-checked="false"
    >
      <i
        class="mi-badge__wrapper mi-icon mi-icon-star-o mi-rate__icon"
        style
      >
        <!--[-->
      </i>
    </div>
  </div>
</div>
<div>
  <!--[-->
  <div
    role="radiogroup"
    class="mi-rate mi-rate--readonly"
    tabindex="0"
    aria-disabled="false"
    aria-readonly="true"
  >
    <!--[-->
    <div
      role="radio"
      style
      class="mi-rate__item"
      tabindex="0"
      aria-setsize="5"
      aria-posinset="1"
      aria-checked="true"
    >
      <i
        class="mi-badge__wrapper mi-icon mi-icon-star mi-rate__icon mi-rate__icon--full"
        style
      >
        <!--[-->
      </i>
    </div>
    <div
      role="radio"
      style
      class="mi-rate__item"
      tabindex="0"
      aria-setsize="5"
      aria-posinset="2"
      aria-checked="true"
    >
      <i
        class="mi-badge__wrapper mi-icon mi-icon-star mi-rate__icon mi-rate__icon--full"
        style
      >
        <!--[-->
      </i>
    </div>
    <div
      role="radio"
      style
      class="mi-rate__item"
      tabindex="0"
      aria-setsize="5"
      aria-posinset="3"
      aria-checked="true"
    >
      <i
        class="mi-badge__wrapper mi-icon mi-icon-star mi-rate__icon mi-rate__icon--full"
        style
      >
        <!--[-->
      </i>
    </div>
    <div
      role="radio"
      style
      class="mi-rate__item"
      tabindex="0"
      aria-setsize="5"
      aria-posinset="4"
      aria-checked="true"
    >
      <i
        class="mi-badge__wrapper mi-icon mi-icon-star-o mi-rate__icon"
        style
      >
        <!--[-->
      </i>
      <i
        class="mi-badge__wrapper mi-icon mi-icon-star mi-rate__icon mi-rate__icon--half mi-rate__icon--full"
        style="width:0.3em;"
      >
        <!--[-->
      </i>
    </div>
    <div
      role="radio"
      style
      class="mi-rate__item"
      tabindex="0"
      aria-setsize="5"
      aria-posinset="5"
      aria-checked="false"
    >
      <i
        class="mi-badge__wrapper mi-icon mi-icon-star-o mi-rate__icon"
        style
      >
        <!--[-->
      </i>
    </div>
  </div>
</div>
<div>
  <!--[-->
  <div
    role="radiogroup"
    class="mi-rate"
    tabindex="0"
    aria-disabled="false"
    aria-readonly="false"
  >
    <!--[-->
    <div
      role="radio"
      style
      class="mi-rate__item"
      tabindex="0"
      aria-setsize="5"
      aria-posinset="1"
      aria-checked="true"
    >
      <i
        class="mi-badge__wrapper mi-icon mi-icon-star mi-rate__icon mi-rate__icon--full"
        style
      >
        <!--[-->
      </i>
    </div>
    <div
      role="radio"
      style
      class="mi-rate__item"
      tabindex="0"
      aria-setsize="5"
      aria-posinset="2"
      aria-checked="true"
    >
      <i
        class="mi-badge__wrapper mi-icon mi-icon-star mi-rate__icon mi-rate__icon--full"
        style
      >
        <!--[-->
      </i>
    </div>
    <div
      role="radio"
      style
      class="mi-rate__item"
      tabindex="0"
      aria-setsize="5"
      aria-posinset="3"
      aria-checked="false"
    >
      <i
        class="mi-badge__wrapper mi-icon mi-icon-star-o mi-rate__icon"
        style
      >
        <!--[-->
      </i>
    </div>
    <div
      role="radio"
      style
      class="mi-rate__item"
      tabindex="0"
      aria-setsize="5"
      aria-posinset="4"
      aria-checked="false"
    >
      <i
        class="mi-badge__wrapper mi-icon mi-icon-star-o mi-rate__icon"
        style
      >
        <!--[-->
      </i>
    </div>
    <div
      role="radio"
      style
      class="mi-rate__item"
      tabindex="0"
      aria-setsize="5"
      aria-posinset="5"
      aria-checked="false"
    >
      <i
        class="mi-badge__wrapper mi-icon mi-icon-star-o mi-rate__icon"
        style
      >
        <!--[-->
      </i>
    </div>
  </div>
</div>
`;
