// Vitest Snapshot v1, https://vitest.dev/guide/snapshot.html

exports[`should render demo and match snapshot 1`] = `
<div>
  <div class="mi-badge__wrapper">
    <div class="child">
    </div>
    <div class="mi-badge mi-badge--top-right mi-badge--fixed">
      5
    </div>
  </div>
  <div class="mi-badge__wrapper">
    <div class="child">
    </div>
    <div class="mi-badge mi-badge--top-right mi-badge--fixed">
      10
    </div>
  </div>
  <div class="mi-badge__wrapper">
    <div class="child">
    </div>
    <div class="mi-badge mi-badge--top-right mi-badge--fixed">
      Hot
    </div>
  </div>
  <div class="mi-badge__wrapper">
    <div class="child">
    </div>
    <div class="mi-badge mi-badge--top-right mi-badge--dot mi-badge--fixed">
    </div>
  </div>
</div>
<div>
  <div class="mi-badge__wrapper">
    <div class="child">
    </div>
    <div class="mi-badge mi-badge--top-right mi-badge--fixed">
      9+
    </div>
  </div>
  <div class="mi-badge__wrapper">
    <div class="child">
    </div>
    <div class="mi-badge mi-badge--top-right mi-badge--fixed">
      20+
    </div>
  </div>
  <div class="mi-badge__wrapper">
    <div class="child">
    </div>
    <div class="mi-badge mi-badge--top-right mi-badge--fixed">
      99+
    </div>
  </div>
</div>
<div>
  <div class="mi-badge__wrapper">
    <div class="child">
    </div>
    <div
      class="mi-badge mi-badge--top-right mi-badge--fixed"
      style="background: rgb(25, 137, 250);"
    >
      5
    </div>
  </div>
  <div class="mi-badge__wrapper">
    <div class="child">
    </div>
    <div
      class="mi-badge mi-badge--top-right mi-badge--fixed"
      style="background: rgb(25, 137, 250);"
    >
      10
    </div>
  </div>
  <div class="mi-badge__wrapper">
    <div class="child">
    </div>
    <div
      class="mi-badge mi-badge--top-right mi-badge--dot mi-badge--fixed"
      style="background: rgb(25, 137, 250);"
    >
    </div>
  </div>
</div>
<div>
  <div class="mi-badge__wrapper">
    <div class="child">
    </div>
    <div class="mi-badge mi-badge--top-right mi-badge--fixed">
      <i class="mi-badge__wrapper mi-icon mi-icon-success badge-icon">
      </i>
    </div>
  </div>
  <div class="mi-badge__wrapper">
    <div class="child">
    </div>
    <div class="mi-badge mi-badge--top-right mi-badge--fixed">
      <i class="mi-badge__wrapper mi-icon mi-icon-cross badge-icon">
      </i>
    </div>
  </div>
  <div class="mi-badge__wrapper">
    <div class="child">
    </div>
    <div class="mi-badge mi-badge--top-right mi-badge--fixed">
      <i class="mi-badge__wrapper mi-icon mi-icon-down badge-icon">
      </i>
    </div>
  </div>
</div>
<div>
  <div class="mi-badge__wrapper">
    <div class="child">
    </div>
    <div class="mi-badge mi-badge--top-left mi-badge--fixed">
      10
    </div>
  </div>
  <div class="mi-badge__wrapper">
    <div class="child">
    </div>
    <div class="mi-badge mi-badge--bottom-left mi-badge--fixed">
      10
    </div>
  </div>
  <div class="mi-badge__wrapper">
    <div class="child">
    </div>
    <div class="mi-badge mi-badge--bottom-right mi-badge--fixed">
      10
    </div>
  </div>
</div>
<div>
  <div
    class="mi-badge mi-badge--top-right"
    style="margin-left: 16px;"
  >
    20
  </div>
  <div
    class="mi-badge mi-badge--top-right"
    style="margin-left: 16px;"
  >
    99+
  </div>
</div>
`;
