// Vitest Snapshot v1, https://vitest.dev/guide/snapshot.html

exports[`should render demo and match snapshot 1`] = `
<div>
  <div class="mi-grid mi-hairline--top">
    <div
      class="mi-grid-item"
      style="flex-basis: 25%;"
    >
      <div class="mi-grid-item__content mi-grid-item__content--center mi-hairline">
        <i class="mi-badge__wrapper mi-icon mi-icon-photo-o mi-grid-item__icon">
        </i>
        <span class="mi-grid-item__text">
          Text
        </span>
      </div>
    </div>
    <div
      class="mi-grid-item"
      style="flex-basis: 25%;"
    >
      <div class="mi-grid-item__content mi-grid-item__content--center mi-hairline">
        <i class="mi-badge__wrapper mi-icon mi-icon-photo-o mi-grid-item__icon">
        </i>
        <span class="mi-grid-item__text">
          Text
        </span>
      </div>
    </div>
    <div
      class="mi-grid-item"
      style="flex-basis: 25%;"
    >
      <div class="mi-grid-item__content mi-grid-item__content--center mi-hairline">
        <i class="mi-badge__wrapper mi-icon mi-icon-photo-o mi-grid-item__icon">
        </i>
        <span class="mi-grid-item__text">
          Text
        </span>
      </div>
    </div>
    <div
      class="mi-grid-item"
      style="flex-basis: 25%;"
    >
      <div class="mi-grid-item__content mi-grid-item__content--center mi-hairline">
        <i class="mi-badge__wrapper mi-icon mi-icon-photo-o mi-grid-item__icon">
        </i>
        <span class="mi-grid-item__text">
          Text
        </span>
      </div>
    </div>
  </div>
</div>
<div>
  <div class="mi-grid mi-hairline--top">
    <div
      class="mi-grid-item"
      style="flex-basis: 33.333333333333336%;"
    >
      <div class="mi-grid-item__content mi-grid-item__content--center mi-hairline">
        <i class="mi-badge__wrapper mi-icon mi-icon-photo-o mi-grid-item__icon">
        </i>
        <span class="mi-grid-item__text">
          Text
        </span>
      </div>
    </div>
    <div
      class="mi-grid-item"
      style="flex-basis: 33.333333333333336%;"
    >
      <div class="mi-grid-item__content mi-grid-item__content--center mi-hairline">
        <i class="mi-badge__wrapper mi-icon mi-icon-photo-o mi-grid-item__icon">
        </i>
        <span class="mi-grid-item__text">
          Text
        </span>
      </div>
    </div>
    <div
      class="mi-grid-item"
      style="flex-basis: 33.333333333333336%;"
    >
      <div class="mi-grid-item__content mi-grid-item__content--center mi-hairline">
        <i class="mi-badge__wrapper mi-icon mi-icon-photo-o mi-grid-item__icon">
        </i>
        <span class="mi-grid-item__text">
          Text
        </span>
      </div>
    </div>
    <div
      class="mi-grid-item"
      style="flex-basis: 33.333333333333336%;"
    >
      <div class="mi-grid-item__content mi-grid-item__content--center mi-hairline">
        <i class="mi-badge__wrapper mi-icon mi-icon-photo-o mi-grid-item__icon">
        </i>
        <span class="mi-grid-item__text">
          Text
        </span>
      </div>
    </div>
    <div
      class="mi-grid-item"
      style="flex-basis: 33.333333333333336%;"
    >
      <div class="mi-grid-item__content mi-grid-item__content--center mi-hairline">
        <i class="mi-badge__wrapper mi-icon mi-icon-photo-o mi-grid-item__icon">
        </i>
        <span class="mi-grid-item__text">
          Text
        </span>
      </div>
    </div>
    <div
      class="mi-grid-item"
      style="flex-basis: 33.333333333333336%;"
    >
      <div class="mi-grid-item__content mi-grid-item__content--center mi-hairline">
        <i class="mi-badge__wrapper mi-icon mi-icon-photo-o mi-grid-item__icon">
        </i>
        <span class="mi-grid-item__text">
          Text
        </span>
      </div>
    </div>
  </div>
</div>
<div>
  <div class="mi-grid">
    <div
      class="mi-grid-item"
      style="flex-basis: 33.333333333333336%;"
    >
      <div class="mi-grid-item__content mi-grid-item__content--center">
        <div class="mi-image">
          <img
            src="https://cdn.jsdelivr.net/gh/wuxingxi888/CDN_IMG_BED/avatar.jpg"
            class="mi-image__img"
            style="object-fit: contain;"
          >
          <div class="mi-image__loading">
            <i class="mi-badge__wrapper mi-icon mi-icon-photo mi-image__loading-icon">
            </i>
          </div>
        </div>
      </div>
    </div>
    <div
      class="mi-grid-item"
      style="flex-basis: 33.333333333333336%;"
    >
      <div class="mi-grid-item__content mi-grid-item__content--center">
        <div class="mi-image">
          <img
            src="https://cdn.jsdelivr.net/gh/wuxingxi888/CDN_IMG_BED/avatar.jpg"
            class="mi-image__img"
            style="object-fit: contain;"
          >
          <div class="mi-image__loading">
            <i class="mi-badge__wrapper mi-icon mi-icon-photo mi-image__loading-icon">
            </i>
          </div>
        </div>
      </div>
    </div>
    <div
      class="mi-grid-item"
      style="flex-basis: 33.333333333333336%;"
    >
      <div class="mi-grid-item__content mi-grid-item__content--center">
        <div class="mi-image">
          <img
            src="https://cdn.jsdelivr.net/gh/wuxingxi888/CDN_IMG_BED/avatar.jpg"
            class="mi-image__img"
            style="object-fit: contain;"
          >
          <div class="mi-image__loading">
            <i class="mi-badge__wrapper mi-icon mi-icon-photo mi-image__loading-icon">
            </i>
          </div>
        </div>
      </div>
    </div>
  </div>
</div>
<div>
  <div class="mi-grid mi-hairline--top">
    <div
      class="mi-grid-item mi-grid-item--square"
      style="flex-basis: 25%; padding-top: 25%;"
    >
      <div class="mi-grid-item__content mi-grid-item__content--center mi-grid-item__content--square mi-hairline">
        <i class="mi-badge__wrapper mi-icon mi-icon-photo-o mi-grid-item__icon">
        </i>
        <span class="mi-grid-item__text">
          Text
        </span>
      </div>
    </div>
    <div
      class="mi-grid-item mi-grid-item--square"
      style="flex-basis: 25%; padding-top: 25%;"
    >
      <div class="mi-grid-item__content mi-grid-item__content--center mi-grid-item__content--square mi-hairline">
        <i class="mi-badge__wrapper mi-icon mi-icon-photo-o mi-grid-item__icon">
        </i>
        <span class="mi-grid-item__text">
          Text
        </span>
      </div>
    </div>
    <div
      class="mi-grid-item mi-grid-item--square"
      style="flex-basis: 25%; padding-top: 25%;"
    >
      <div class="mi-grid-item__content mi-grid-item__content--center mi-grid-item__content--square mi-hairline">
        <i class="mi-badge__wrapper mi-icon mi-icon-photo-o mi-grid-item__icon">
        </i>
        <span class="mi-grid-item__text">
          Text
        </span>
      </div>
    </div>
    <div
      class="mi-grid-item mi-grid-item--square"
      style="flex-basis: 25%; padding-top: 25%;"
    >
      <div class="mi-grid-item__content mi-grid-item__content--center mi-grid-item__content--square mi-hairline">
        <i class="mi-badge__wrapper mi-icon mi-icon-photo-o mi-grid-item__icon">
        </i>
        <span class="mi-grid-item__text">
          Text
        </span>
      </div>
    </div>
    <div
      class="mi-grid-item mi-grid-item--square"
      style="flex-basis: 25%; padding-top: 25%;"
    >
      <div class="mi-grid-item__content mi-grid-item__content--center mi-grid-item__content--square mi-hairline">
        <i class="mi-badge__wrapper mi-icon mi-icon-photo-o mi-grid-item__icon">
        </i>
        <span class="mi-grid-item__text">
          Text
        </span>
      </div>
    </div>
    <div
      class="mi-grid-item mi-grid-item--square"
      style="flex-basis: 25%; padding-top: 25%;"
    >
      <div class="mi-grid-item__content mi-grid-item__content--center mi-grid-item__content--square mi-hairline">
        <i class="mi-badge__wrapper mi-icon mi-icon-photo-o mi-grid-item__icon">
        </i>
        <span class="mi-grid-item__text">
          Text
        </span>
      </div>
    </div>
    <div
      class="mi-grid-item mi-grid-item--square"
      style="flex-basis: 25%; padding-top: 25%;"
    >
      <div class="mi-grid-item__content mi-grid-item__content--center mi-grid-item__content--square mi-hairline">
        <i class="mi-badge__wrapper mi-icon mi-icon-photo-o mi-grid-item__icon">
        </i>
        <span class="mi-grid-item__text">
          Text
        </span>
      </div>
    </div>
    <div
      class="mi-grid-item mi-grid-item--square"
      style="flex-basis: 25%; padding-top: 25%;"
    >
      <div class="mi-grid-item__content mi-grid-item__content--center mi-grid-item__content--square mi-hairline">
        <i class="mi-badge__wrapper mi-icon mi-icon-photo-o mi-grid-item__icon">
        </i>
        <span class="mi-grid-item__text">
          Text
        </span>
      </div>
    </div>
  </div>
</div>
<div>
  <div
    style="padding-left: 10px;"
    class="mi-grid"
  >
    <div
      class="mi-grid-item"
      style="flex-basis: 25%; padding-right: 10px;"
    >
      <div class="mi-grid-item__content mi-grid-item__content--center mi-grid-item__content--surround mi-hairline">
        <i class="mi-badge__wrapper mi-icon mi-icon-photo-o mi-grid-item__icon">
        </i>
        <span class="mi-grid-item__text">
          Text
        </span>
      </div>
    </div>
    <div
      class="mi-grid-item"
      style="flex-basis: 25%; padding-right: 10px;"
    >
      <div class="mi-grid-item__content mi-grid-item__content--center mi-grid-item__content--surround mi-hairline">
        <i class="mi-badge__wrapper mi-icon mi-icon-photo-o mi-grid-item__icon">
        </i>
        <span class="mi-grid-item__text">
          Text
        </span>
      </div>
    </div>
    <div
      class="mi-grid-item"
      style="flex-basis: 25%; padding-right: 10px;"
    >
      <div class="mi-grid-item__content mi-grid-item__content--center mi-grid-item__content--surround mi-hairline">
        <i class="mi-badge__wrapper mi-icon mi-icon-photo-o mi-grid-item__icon">
        </i>
        <span class="mi-grid-item__text">
          Text
        </span>
      </div>
    </div>
    <div
      class="mi-grid-item"
      style="flex-basis: 25%; padding-right: 10px;"
    >
      <div class="mi-grid-item__content mi-grid-item__content--center mi-grid-item__content--surround mi-hairline">
        <i class="mi-badge__wrapper mi-icon mi-icon-photo-o mi-grid-item__icon">
        </i>
        <span class="mi-grid-item__text">
          Text
        </span>
      </div>
    </div>
    <div
      class="mi-grid-item"
      style="flex-basis: 25%; padding-right: 10px; margin-top: 10px;"
    >
      <div class="mi-grid-item__content mi-grid-item__content--center mi-grid-item__content--surround mi-hairline">
        <i class="mi-badge__wrapper mi-icon mi-icon-photo-o mi-grid-item__icon">
        </i>
        <span class="mi-grid-item__text">
          Text
        </span>
      </div>
    </div>
    <div
      class="mi-grid-item"
      style="flex-basis: 25%; padding-right: 10px; margin-top: 10px;"
    >
      <div class="mi-grid-item__content mi-grid-item__content--center mi-grid-item__content--surround mi-hairline">
        <i class="mi-badge__wrapper mi-icon mi-icon-photo-o mi-grid-item__icon">
        </i>
        <span class="mi-grid-item__text">
          Text
        </span>
      </div>
    </div>
    <div
      class="mi-grid-item"
      style="flex-basis: 25%; padding-right: 10px; margin-top: 10px;"
    >
      <div class="mi-grid-item__content mi-grid-item__content--center mi-grid-item__content--surround mi-hairline">
        <i class="mi-badge__wrapper mi-icon mi-icon-photo-o mi-grid-item__icon">
        </i>
        <span class="mi-grid-item__text">
          Text
        </span>
      </div>
    </div>
    <div
      class="mi-grid-item"
      style="flex-basis: 25%; padding-right: 10px; margin-top: 10px;"
    >
      <div class="mi-grid-item__content mi-grid-item__content--center mi-grid-item__content--surround mi-hairline">
        <i class="mi-badge__wrapper mi-icon mi-icon-photo-o mi-grid-item__icon">
        </i>
        <span class="mi-grid-item__text">
          Text
        </span>
      </div>
    </div>
  </div>
</div>
<div>
  <div class="mi-grid mi-hairline--top">
    <div
      class="mi-grid-item"
      style="flex-basis: 33.333333333333336%;"
    >
      <div class="mi-grid-item__content mi-grid-item__content--horizontal mi-grid-item__content--center mi-hairline">
        <i class="mi-badge__wrapper mi-icon mi-icon-photo-o mi-grid-item__icon">
        </i>
        <span class="mi-grid-item__text">
          Text
        </span>
      </div>
    </div>
    <div
      class="mi-grid-item"
      style="flex-basis: 33.333333333333336%;"
    >
      <div class="mi-grid-item__content mi-grid-item__content--horizontal mi-grid-item__content--center mi-hairline">
        <i class="mi-badge__wrapper mi-icon mi-icon-photo-o mi-grid-item__icon">
        </i>
        <span class="mi-grid-item__text">
          Text
        </span>
      </div>
    </div>
    <div
      class="mi-grid-item"
      style="flex-basis: 33.333333333333336%;"
    >
      <div class="mi-grid-item__content mi-grid-item__content--horizontal mi-grid-item__content--center mi-hairline">
        <i class="mi-badge__wrapper mi-icon mi-icon-photo-o mi-grid-item__icon">
        </i>
        <span class="mi-grid-item__text">
          Text
        </span>
      </div>
    </div>
  </div>
</div>
<div>
  <div class="mi-grid mi-hairline--top">
    <div
      class="mi-grid-item"
      style="flex-basis: 50%;"
    >
      <div
        role="button"
        class="mi-grid-item__content mi-grid-item__content--center mi-grid-item__content--clickable mi-hairline"
        tabindex="0"
      >
        <i class="mi-badge__wrapper mi-icon mi-icon-home-o mi-grid-item__icon">
        </i>
        <span class="mi-grid-item__text">
          Vue Router
        </span>
      </div>
    </div>
    <div
      class="mi-grid-item"
      style="flex-basis: 50%;"
    >
      <div
        role="button"
        class="mi-grid-item__content mi-grid-item__content--center mi-grid-item__content--clickable mi-hairline"
        tabindex="0"
      >
        <i class="mi-badge__wrapper mi-icon mi-icon-search mi-grid-item__icon">
        </i>
        <span class="mi-grid-item__text">
          URL
        </span>
      </div>
    </div>
  </div>
</div>
<div>
  <div class="mi-grid mi-hairline--top">
    <div
      class="mi-grid-item"
      style="flex-basis: 50%;"
    >
      <div class="mi-grid-item__content mi-grid-item__content--center mi-hairline">
        <i class="mi-badge__wrapper mi-icon mi-icon-home-o mi-grid-item__icon">
          <div class="mi-badge mi-badge--top-right mi-badge--dot mi-badge--fixed">
          </div>
        </i>
        <span class="mi-grid-item__text">
          Text
        </span>
      </div>
    </div>
    <div
      class="mi-grid-item"
      style="flex-basis: 50%;"
    >
      <div class="mi-grid-item__content mi-grid-item__content--center mi-hairline">
        <i class="mi-badge__wrapper mi-icon mi-icon-search mi-grid-item__icon">
          <div class="mi-badge mi-badge--top-right mi-badge--fixed">
            99+
          </div>
        </i>
        <span class="mi-grid-item__text">
          Text
        </span>
      </div>
    </div>
  </div>
</div>
`;
