// Vitest Snapshot v1, https://vitest.dev/guide/snapshot.html

exports[`should render demo and match snapshot 1`] = `
<div>
  <div class="mi-steps mi-steps--horizontal">
    <div class="mi-steps__items">
      <div class="mi-hairline mi-step mi-step--horizontal mi-step--finish">
        <div class="mi-step__title">
          Step1
        </div>
        <div class="mi-step__circle-container">
          <i class="mi-step__circle">
          </i>
        </div>
        <div class="mi-step__line">
        </div>
      </div>
      <div class="mi-hairline mi-step mi-step--horizontal mi-step--process">
        <div class="mi-step__title mi-step__title--active">
          Step2
        </div>
        <div class="mi-step__circle-container">
          <i class="mi-badge__wrapper mi-icon mi-icon-checked mi-step__icon mi-step__icon--active">
          </i>
        </div>
        <div class="mi-step__line">
        </div>
      </div>
      <div class="mi-hairline mi-step mi-step--horizontal mi-step--waiting">
        <div class="mi-step__title">
          Step3
        </div>
        <div class="mi-step__circle-container">
          <i class="mi-step__circle">
          </i>
        </div>
        <div class="mi-step__line">
        </div>
      </div>
      <div class="mi-hairline mi-step mi-step--horizontal mi-step--waiting">
        <div class="mi-step__title">
          Step4
        </div>
        <div class="mi-step__circle-container">
          <i class="mi-step__circle">
          </i>
        </div>
        <div class="mi-step__line">
        </div>
      </div>
    </div>
  </div>
  <button
    type="button"
    class="mi-button mi-button--default mi-button--normal"
  >
    <div class="mi-button__content">
      <span class="mi-button__text">
        Next Step
      </span>
    </div>
  </button>
</div>
<div>
  <div class="mi-steps mi-steps--horizontal">
    <div class="mi-steps__items">
      <div class="mi-hairline mi-step mi-step--horizontal mi-step--finish">
        <div class="mi-step__title">
          Step1
        </div>
        <div class="mi-step__circle-container">
          <i class="mi-badge__wrapper mi-icon mi-icon-arrow mi-step__icon">
          </i>
        </div>
        <div
          class="mi-step__line"
          style="background: rgb(7, 193, 96);"
        >
        </div>
      </div>
      <div class="mi-hairline mi-step mi-step--horizontal mi-step--process">
        <div
          class="mi-step__title mi-step__title--active"
          style="color: rgb(7, 193, 96);"
        >
          Step2
        </div>
        <div class="mi-step__circle-container">
          <i
            class="mi-badge__wrapper mi-icon mi-icon-success mi-step__icon mi-step__icon--active"
            style="color: rgb(7, 193, 96);"
          >
          </i>
        </div>
        <div class="mi-step__line">
        </div>
      </div>
      <div class="mi-hairline mi-step mi-step--horizontal mi-step--waiting">
        <div class="mi-step__title">
          Step3
        </div>
        <div class="mi-step__circle-container">
          <i class="mi-badge__wrapper mi-icon mi-icon-arrow mi-step__icon">
          </i>
        </div>
        <div class="mi-step__line">
        </div>
      </div>
      <div class="mi-hairline mi-step mi-step--horizontal mi-step--waiting">
        <div class="mi-step__title">
          Step4
        </div>
        <div class="mi-step__circle-container">
          <i class="mi-badge__wrapper mi-icon mi-icon-arrow mi-step__icon">
          </i>
        </div>
        <div class="mi-step__line">
        </div>
      </div>
    </div>
  </div>
</div>
<div>
  <div class="mi-steps mi-steps--vertical">
    <div class="mi-steps__items">
      <div class="mi-hairline mi-step mi-step--vertical mi-step--process">
        <div class="mi-step__title mi-step__title--active">
          <h3>
            【City】Status1
          </h3>
          <p>
            2016-07-12 12:40
          </p>
        </div>
        <div class="mi-step__circle-container">
          <i class="mi-badge__wrapper mi-icon mi-icon-checked mi-step__icon mi-step__icon--active">
          </i>
        </div>
        <div class="mi-step__line">
        </div>
      </div>
      <div class="mi-hairline mi-step mi-step--vertical mi-step--waiting">
        <div class="mi-step__title">
          <h3>
            【City】Status2
          </h3>
          <p>
            2016-07-11 10:00
          </p>
        </div>
        <div class="mi-step__circle-container">
          <i class="mi-step__circle">
          </i>
        </div>
        <div class="mi-step__line">
        </div>
      </div>
      <div class="mi-hairline mi-step mi-step--vertical mi-step--waiting">
        <div class="mi-step__title">
          <h3>
            【City】Status3
          </h3>
          <p>
            2016-07-10 09:30
          </p>
        </div>
        <div class="mi-step__circle-container">
          <i class="mi-step__circle">
          </i>
        </div>
        <div class="mi-step__line">
        </div>
      </div>
    </div>
  </div>
</div>
`;
