// Vitest Snapshot v1, https://vitest.dev/guide/snapshot.html

exports[`should render demo and match snapshot 1`] = `
<div>
  <div>
    <div class="mi-sticky">
      <button
        type="button"
        class="mi-button mi-button--primary mi-button--normal"
        style="margin-left: 15px;"
      >
        <div class="mi-button__content">
          <span class="mi-button__text">
            Basic Usage
          </span>
        </div>
      </button>
    </div>
  </div>
</div>
<div>
  <div>
    <div class="mi-sticky">
      <button
        type="button"
        class="mi-button mi-button--primary mi-button--normal"
        style="margin-left: 115px;"
      >
        <div class="mi-button__content">
          <span class="mi-button__text">
            Offset Top
          </span>
        </div>
      </button>
    </div>
  </div>
</div>
<div>
  <div style="height: 150px;">
    <div>
      <div class="mi-sticky">
        <button
          type="button"
          class="mi-button mi-button--warning mi-button--normal"
          style="margin-left: 215px;"
        >
          <div class="mi-button__content">
            <span class="mi-button__text">
              Set Container
            </span>
          </div>
        </button>
      </div>
    </div>
  </div>
</div>
<div>
  <div style="height: 200px;">
  </div>
  <div>
    <div class="mi-sticky">
      <button
        type="button"
        class="mi-button mi-button--primary mi-button--normal"
        style="margin-left: 15px;"
      >
        <div class="mi-button__content">
          <span class="mi-button__text">
            Offset Bottom
          </span>
        </div>
      </button>
    </div>
  </div>
</div>
`;
