// Vitest Snapshot v1, https://vitest.dev/guide/snapshot.html

exports[`should render demo and match snapshot 1`] = `
<div>
  <div class="mi-row">
    <div class="mi-col mi-col--8">
      span: 8
    </div>
    <div class="mi-col mi-col--8">
      span: 8
    </div>
    <div class="mi-col mi-col--8">
      span: 8
    </div>
  </div>
  <div class="mi-row">
    <div class="mi-col mi-col--4">
      span: 4
    </div>
    <div class="mi-col mi-col--10 mi-col--offset-4">
      offset: 4, span: 10
    </div>
  </div>
  <div class="mi-row">
    <div class="mi-col mi-col--12 mi-col--offset-12">
      offset: 12, span: 12
    </div>
  </div>
</div>
<div>
  <div class="mi-row">
    <div
      class="mi-col mi-col--8"
      style="padding-right: 13.333333333333334px;"
    >
      span: 8
    </div>
    <div
      style="padding-left: 6.666666666666666px; padding-right: 6.666666666666668px;"
      class="mi-col mi-col--8"
    >
      span: 8
    </div>
    <div
      style="padding-left: 13.333333333333332px;"
      class="mi-col mi-col--8"
    >
      span: 8
    </div>
  </div>
</div>
<div>
  <div class="demo-vertical-space">
    <div class="mi-row">
      <div
        class="mi-col mi-col--12"
        style="padding-right: 10px; margin-bottom: 20px;"
      >
        span: 12
      </div>
      <div
        style="padding-left: 10px; margin-bottom: 20px;"
        class="mi-col mi-col--12"
      >
        span: 12
      </div>
      <div
        class="mi-col mi-col--12"
        style="padding-right: 10px;"
      >
        span: 12
      </div>
      <div
        style="padding-left: 10px;"
        class="mi-col mi-col--12"
      >
        span: 12
      </div>
    </div>
  </div>
</div>
<div>
  <div class="mi-row mi-row--justify-center">
    <div class="mi-col mi-col--6">
      span: 6
    </div>
    <div class="mi-col mi-col--6">
      span: 6
    </div>
    <div class="mi-col mi-col--6">
      span: 6
    </div>
  </div>
  <div class="mi-row mi-row--justify-end">
    <div class="mi-col mi-col--6">
      span: 6
    </div>
    <div class="mi-col mi-col--6">
      span: 6
    </div>
    <div class="mi-col mi-col--6">
      span: 6
    </div>
  </div>
  <div class="mi-row mi-row--justify-space-between">
    <div class="mi-col mi-col--6">
      span: 6
    </div>
    <div class="mi-col mi-col--6">
      span: 6
    </div>
    <div class="mi-col mi-col--6">
      span: 6
    </div>
  </div>
  <div class="mi-row mi-row--justify-space-around">
    <div class="mi-col mi-col--6">
      span: 6
    </div>
    <div class="mi-col mi-col--6">
      span: 6
    </div>
    <div class="mi-col mi-col--6">
      span: 6
    </div>
  </div>
</div>
`;
