// Vitest Snapshot v1, https://vitest.dev/guide/snapshot.html

exports[`should render demo and match snapshot 1`] = `
<!--[-->
<div>
  <!--[-->
  <div class="mi-tabs mi-tabs--line">
    <!--[-->
    <div class="mi-tabs__wrap">
      <div
        role="tablist"
        class="mi-tabs__nav mi-tabs__nav--line"
        style
        aria-orientation="horizontal"
      >
        <!--[-->
      </div>
    </div>
    <div class="mi-tabs__content">
      <!--[-->
      <!--[-->
      <!--[-->
      <div
        id="mi-tab"
        role="tabpanel"
        class="mi-tab__panel"
        tabindex="-1"
        aria-labelledby="mi-tabs-0"
        style="display:none;"
      >
      </div>
      <div
        id="mi-tab"
        role="tabpanel"
        class="mi-tab__panel"
        tabindex="-1"
        aria-labelledby="mi-tabs-1"
        style="display:none;"
      >
      </div>
      <div
        id="mi-tab"
        role="tabpanel"
        class="mi-tab__panel"
        tabindex="-1"
        aria-labelledby="mi-tabs-2"
        style="display:none;"
      >
      </div>
      <div
        id="mi-tab"
        role="tabpanel"
        class="mi-tab__panel"
        tabindex="-1"
        aria-labelledby="mi-tabs-3"
        style="display:none;"
      >
      </div>
    </div>
  </div>
</div>
<div>
  <!--[-->
  <div class="mi-tabs mi-tabs--line">
    <!--[-->
    <div class="mi-tabs__wrap">
      <div
        role="tablist"
        class="mi-tabs__nav mi-tabs__nav--line"
        style
        aria-orientation="horizontal"
      >
        <!--[-->
      </div>
    </div>
    <div class="mi-tabs__content">
      <!--[-->
      <!--[-->
      <div
        id="mi-tab"
        role="tabpanel"
        class="mi-tab__panel"
        tabindex="-1"
        aria-labelledby="mi-tabs-0"
        style="display:none;"
      >
      </div>
      <div
        id="mi-tab"
        role="tabpanel"
        class="mi-tab__panel"
        tabindex="-1"
        aria-labelledby="mi-tabs-1"
        style="display:none;"
      >
      </div>
      <div
        id="mi-tab"
        role="tabpanel"
        class="mi-tab__panel"
        tabindex="-1"
        aria-labelledby="mi-tabs-2"
        style="display:none;"
      >
      </div>
    </div>
  </div>
</div>
<div>
  <!--[-->
  <div class="mi-tabs mi-tabs--line">
    <!--[-->
    <div class="mi-tabs__wrap">
      <div
        role="tablist"
        class="mi-tabs__nav mi-tabs__nav--line"
        style
        aria-orientation="horizontal"
      >
        <!--[-->
      </div>
    </div>
    <div class="mi-tabs__content">
      <!--[-->
      <!--[-->
      <!--[-->
      <div
        id="mi-tab"
        role="tabpanel"
        class="mi-tab__panel"
        tabindex="-1"
        aria-labelledby="mi-tabs-0"
        style="display:none;"
      >
      </div>
      <div
        id="mi-tab"
        role="tabpanel"
        class="mi-tab__panel"
        tabindex="-1"
        aria-labelledby="mi-tabs-1"
        style="display:none;"
      >
      </div>
      <div
        id="mi-tab"
        role="tabpanel"
        class="mi-tab__panel"
        tabindex="-1"
        aria-labelledby="mi-tabs-2"
        style="display:none;"
      >
      </div>
      <div
        id="mi-tab"
        role="tabpanel"
        class="mi-tab__panel"
        tabindex="-1"
        aria-labelledby="mi-tabs-3"
        style="display:none;"
      >
      </div>
      <div
        id="mi-tab"
        role="tabpanel"
        class="mi-tab__panel"
        tabindex="-1"
        aria-labelledby="mi-tabs-4"
        style="display:none;"
      >
      </div>
      <div
        id="mi-tab"
        role="tabpanel"
        class="mi-tab__panel"
        tabindex="-1"
        aria-labelledby="mi-tabs-5"
        style="display:none;"
      >
      </div>
      <div
        id="mi-tab"
        role="tabpanel"
        class="mi-tab__panel"
        tabindex="-1"
        aria-labelledby="mi-tabs-6"
        style="display:none;"
      >
      </div>
      <div
        id="mi-tab"
        role="tabpanel"
        class="mi-tab__panel"
        tabindex="-1"
        aria-labelledby="mi-tabs-7"
        style="display:none;"
      >
      </div>
    </div>
  </div>
</div>
<div>
  <!--[-->
  <div class="mi-tabs mi-tabs--line">
    <!--[-->
    <div class="mi-tabs__wrap">
      <div
        role="tablist"
        class="mi-tabs__nav mi-tabs__nav--line"
        style
        aria-orientation="horizontal"
      >
        <!--[-->
      </div>
    </div>
    <div class="mi-tabs__content">
      <!--[-->
      <!--[-->
      <!--[-->
      <div
        id="mi-tab"
        role="tabpanel"
        class="mi-tab__panel"
        tabindex="-1"
        aria-labelledby="mi-tabs-0"
        style="display:none;"
      >
      </div>
      <div
        id="mi-tab"
        role="tabpanel"
        class="mi-tab__panel"
        tabindex="-1"
        aria-labelledby="mi-tabs-1"
        style="display:none;"
      >
      </div>
      <div
        id="mi-tab"
        role="tabpanel"
        class="mi-tab__panel"
        tabindex="-1"
        aria-labelledby="mi-tabs-2"
        style="display:none;"
      >
      </div>
    </div>
  </div>
</div>
<div>
  <!--[-->
  <div class="mi-tabs mi-tabs--card">
    <!--[-->
    <div class="mi-tabs__wrap">
      <div
        role="tablist"
        class="mi-tabs__nav mi-tabs__nav--card"
        style
        aria-orientation="horizontal"
      >
        <!--[-->
      </div>
    </div>
    <div class="mi-tabs__content">
      <!--[-->
      <!--[-->
      <!--[-->
      <div
        id="mi-tab"
        role="tabpanel"
        class="mi-tab__panel"
        tabindex="-1"
        aria-labelledby="mi-tabs-0"
        style="display:none;"
      >
      </div>
      <div
        id="mi-tab"
        role="tabpanel"
        class="mi-tab__panel"
        tabindex="-1"
        aria-labelledby="mi-tabs-1"
        style="display:none;"
      >
      </div>
      <div
        id="mi-tab"
        role="tabpanel"
        class="mi-tab__panel"
        tabindex="-1"
        aria-labelledby="mi-tabs-2"
        style="display:none;"
      >
      </div>
    </div>
  </div>
</div>
<div>
  <!--[-->
  <div class="mi-tabs mi-tabs--line">
    <!--[-->
    <div class="mi-tabs__wrap">
      <div
        role="tablist"
        class="mi-tabs__nav mi-tabs__nav--line"
        style
        aria-orientation="horizontal"
      >
        <!--[-->
      </div>
    </div>
    <div class="mi-tabs__content">
      <!--[-->
      <!--[-->
      <!--[-->
      <div
        id="mi-tab"
        role="tabpanel"
        class="mi-tab__panel"
        tabindex="-1"
        aria-labelledby="mi-tabs-0"
        style="display:none;"
      >
      </div>
      <div
        id="mi-tab"
        role="tabpanel"
        class="mi-tab__panel"
        tabindex="-1"
        aria-labelledby="mi-tabs-1"
        style="display:none;"
      >
      </div>
    </div>
  </div>
</div>
<div>
  <!--[-->
  <div class="mi-tabs mi-tabs--line">
    <div style>
      <div
        class="mi-sticky"
        style
      >
        <!--[-->
        <div>
          <!--[-->
          <div class="mi-tabs__wrap">
            <div
              role="tablist"
              class="mi-tabs__nav mi-tabs__nav--line"
              style
              aria-orientation="horizontal"
            >
              <!--[-->
            </div>
          </div>
        </div>
      </div>
    </div>
    <div class="mi-tabs__content">
      <!--[-->
      <!--[-->
      <!--[-->
      <div
        id="mi-tab"
        role="tabpanel"
        class="mi-tab__panel"
        tabindex="-1"
        aria-labelledby="mi-tabs-0"
        style="display:none;"
      >
      </div>
      <div
        id="mi-tab"
        role="tabpanel"
        class="mi-tab__panel"
        tabindex="-1"
        aria-labelledby="mi-tabs-1"
        style="display:none;"
      >
      </div>
      <div
        id="mi-tab"
        role="tabpanel"
        class="mi-tab__panel"
        tabindex="-1"
        aria-labelledby="mi-tabs-2"
        style="display:none;"
      >
      </div>
      <div
        id="mi-tab"
        role="tabpanel"
        class="mi-tab__panel"
        tabindex="-1"
        aria-labelledby="mi-tabs-3"
        style="display:none;"
      >
      </div>
    </div>
  </div>
</div>
<div>
  <!--[-->
  <div class="mi-tabs mi-tabs--line">
    <!--[-->
    <div class="mi-tabs__wrap">
      <div
        role="tablist"
        class="mi-tabs__nav mi-tabs__nav--line mi-tabs__nav--shrink mi-tabs__nav--complete"
        style
        aria-orientation="horizontal"
      >
        <!--[-->
      </div>
    </div>
    <div class="mi-tabs__content">
      <!--[-->
      <!--[-->
      <!--[-->
      <div
        id="mi-tab"
        role="tabpanel"
        class="mi-tab__panel"
        tabindex="-1"
        aria-labelledby="mi-tabs-0"
        style="display:none;"
      >
      </div>
      <div
        id="mi-tab"
        role="tabpanel"
        class="mi-tab__panel"
        tabindex="-1"
        aria-labelledby="mi-tabs-1"
        style="display:none;"
      >
      </div>
      <div
        id="mi-tab"
        role="tabpanel"
        class="mi-tab__panel"
        tabindex="-1"
        aria-labelledby="mi-tabs-2"
        style="display:none;"
      >
      </div>
      <div
        id="mi-tab"
        role="tabpanel"
        class="mi-tab__panel"
        tabindex="-1"
        aria-labelledby="mi-tabs-3"
        style="display:none;"
      >
      </div>
    </div>
  </div>
  <div
    class="mi-tabs mi-tabs--card"
    style="margin-top:var(--mi-padding-lg);"
  >
    <!--[-->
    <div class="mi-tabs__wrap">
      <div
        role="tablist"
        class="mi-tabs__nav mi-tabs__nav--card mi-tabs__nav--shrink mi-tabs__nav--complete"
        style
        aria-orientation="horizontal"
      >
        <!--[-->
      </div>
    </div>
    <div class="mi-tabs__content">
      <!--[-->
      <!--[-->
      <!--[-->
      <div
        id="mi-tab"
        role="tabpanel"
        class="mi-tab__panel"
        tabindex="-1"
        aria-labelledby="mi-tabs-0"
        style="display:none;"
      >
      </div>
      <div
        id="mi-tab"
        role="tabpanel"
        class="mi-tab__panel"
        tabindex="-1"
        aria-labelledby="mi-tabs-1"
        style="display:none;"
      >
      </div>
      <div
        id="mi-tab"
        role="tabpanel"
        class="mi-tab__panel"
        tabindex="-1"
        aria-labelledby="mi-tabs-2"
        style="display:none;"
      >
      </div>
      <div
        id="mi-tab"
        role="tabpanel"
        class="mi-tab__panel"
        tabindex="-1"
        aria-labelledby="mi-tabs-3"
        style="display:none;"
      >
      </div>
    </div>
  </div>
</div>
<div>
  <!--[-->
  <div class="mi-tabs mi-tabs--line">
    <!--[-->
    <div class="mi-tabs__wrap">
      <div
        role="tablist"
        class="mi-tabs__nav mi-tabs__nav--line"
        style
        aria-orientation="horizontal"
      >
        <!--[-->
      </div>
    </div>
    <div class="mi-tabs__content">
      <!--[-->
      <!--[-->
      <!--[-->
      <div
        id="mi-tab"
        role="tabpanel"
        class="mi-tab__panel"
        tabindex="-1"
        aria-labelledby="mi-tabs-0"
        style="display:none;"
      >
      </div>
      <div
        id="mi-tab"
        role="tabpanel"
        class="mi-tab__panel"
        tabindex="-1"
        aria-labelledby="mi-tabs-1"
        style="display:none;"
      >
      </div>
    </div>
  </div>
</div>
<div>
  <!--[-->
  <div class="mi-tabs mi-tabs--line">
    <!--[-->
    <div class="mi-tabs__wrap">
      <div
        role="tablist"
        class="mi-tabs__nav mi-tabs__nav--line"
        style
        aria-orientation="horizontal"
      >
        <!--[-->
      </div>
    </div>
    <div class="mi-tabs__content mi-tabs__content--animated">
      <div class="mi-swipe mi-tabs__track">
        <div
          style="transition-duration:300ms;transform:translateX(0px);"
          class="mi-swipe__track"
        >
          <!--[-->
          <!--[-->
          <!--[-->
          <!--[-->
          <div
            class="mi-swipe-item mi-tab__panel-wrapper mi-tab__panel-wrapper--inactive"
            style
            id="mi-tab"
            role="tabpanel"
            tabindex="-1"
            aria-hidden="true"
            aria-labelledby="mi-tabs-0"
          >
          </div>
          <div
            class="mi-swipe-item mi-tab__panel-wrapper mi-tab__panel-wrapper--inactive"
            style
            id="mi-tab"
            role="tabpanel"
            tabindex="-1"
            aria-hidden="true"
            aria-labelledby="mi-tabs-1"
          >
          </div>
          <div
            class="mi-swipe-item mi-tab__panel-wrapper mi-tab__panel-wrapper--inactive"
            style
            id="mi-tab"
            role="tabpanel"
            tabindex="-1"
            aria-hidden="true"
            aria-labelledby="mi-tabs-2"
          >
          </div>
          <div
            class="mi-swipe-item mi-tab__panel-wrapper mi-tab__panel-wrapper--inactive"
            style
            id="mi-tab"
            role="tabpanel"
            tabindex="-1"
            aria-hidden="true"
            aria-labelledby="mi-tabs-3"
          >
          </div>
        </div>
      </div>
    </div>
  </div>
</div>
<div>
  <!--[-->
  <div class="mi-tabs mi-tabs--line">
    <!--[-->
    <div class="mi-tabs__wrap">
      <div
        role="tablist"
        class="mi-tabs__nav mi-tabs__nav--line"
        style
        aria-orientation="horizontal"
      >
        <!--[-->
      </div>
    </div>
    <div class="mi-tabs__content mi-tabs__content--animated">
      <div class="mi-swipe mi-tabs__track">
        <div
          style="transition-duration:300ms;transform:translateX(0px);"
          class="mi-swipe__track"
        >
          <!--[-->
          <!--[-->
          <!--[-->
          <!--[-->
          <div
            class="mi-swipe-item mi-tab__panel-wrapper mi-tab__panel-wrapper--inactive"
            style
            id="mi-tab"
            role="tabpanel"
            tabindex="-1"
            aria-hidden="true"
            aria-labelledby="mi-tabs-0"
          >
          </div>
          <div
            class="mi-swipe-item mi-tab__panel-wrapper mi-tab__panel-wrapper--inactive"
            style
            id="mi-tab"
            role="tabpanel"
            tabindex="-1"
            aria-hidden="true"
            aria-labelledby="mi-tabs-1"
          >
          </div>
          <div
            class="mi-swipe-item mi-tab__panel-wrapper mi-tab__panel-wrapper--inactive"
            style
            id="mi-tab"
            role="tabpanel"
            tabindex="-1"
            aria-hidden="true"
            aria-labelledby="mi-tabs-2"
          >
          </div>
          <div
            class="mi-swipe-item mi-tab__panel-wrapper mi-tab__panel-wrapper--inactive"
            style
            id="mi-tab"
            role="tabpanel"
            tabindex="-1"
            aria-hidden="true"
            aria-labelledby="mi-tabs-3"
          >
          </div>
        </div>
      </div>
    </div>
  </div>
</div>
<div>
  <!--[-->
  <div class="mi-tabs mi-tabs--line">
    <div style>
      <div
        class="mi-sticky"
        style
      >
        <!--[-->
        <div>
          <!--[-->
          <div class="mi-tabs__wrap">
            <div
              role="tablist"
              class="mi-tabs__nav mi-tabs__nav--line"
              style
              aria-orientation="horizontal"
            >
              <!--[-->
            </div>
          </div>
        </div>
      </div>
    </div>
    <div class="mi-tabs__content">
      <!--[-->
      <!--[-->
      <!--[-->
      <div
        id="mi-tab"
        role="tabpanel"
        class="mi-tab__panel"
        tabindex="0"
        aria-labelledby="mi-tabs-0"
      >
        <!--[-->
        content of tab 1
      </div>
      <div
        id="mi-tab"
        role="tabpanel"
        class="mi-tab__panel"
        tabindex="0"
        aria-labelledby="mi-tabs-1"
      >
        <!--[-->
        content of tab 2
      </div>
      <div
        id="mi-tab"
        role="tabpanel"
        class="mi-tab__panel"
        tabindex="0"
        aria-labelledby="mi-tabs-2"
      >
        <!--[-->
        content of tab 3
      </div>
      <div
        id="mi-tab"
        role="tabpanel"
        class="mi-tab__panel"
        tabindex="0"
        aria-labelledby="mi-tabs-3"
      >
        <!--[-->
        content of tab 4
      </div>
      <div
        id="mi-tab"
        role="tabpanel"
        class="mi-tab__panel"
        tabindex="0"
        aria-labelledby="mi-tabs-4"
      >
        <!--[-->
        content of tab 5
      </div>
      <div
        id="mi-tab"
        role="tabpanel"
        class="mi-tab__panel"
        tabindex="0"
        aria-labelledby="mi-tabs-5"
      >
        <!--[-->
        content of tab 6
      </div>
      <div
        id="mi-tab"
        role="tabpanel"
        class="mi-tab__panel"
        tabindex="0"
        aria-labelledby="mi-tabs-6"
      >
        <!--[-->
        content of tab 7
      </div>
      <div
        id="mi-tab"
        role="tabpanel"
        class="mi-tab__panel"
        tabindex="0"
        aria-labelledby="mi-tabs-7"
      >
        <!--[-->
        content of tab 8
      </div>
    </div>
  </div>
</div>
<div>
  <!--[-->
  <div class="mi-tabs mi-tabs--line">
    <!--[-->
    <div class="mi-tabs__wrap">
      <div
        role="tablist"
        class="mi-tabs__nav mi-tabs__nav--line"
        style
        aria-orientation="horizontal"
      >
        <!--[-->
      </div>
    </div>
    <div class="mi-tabs__content">
      <!--[-->
      <!--[-->
      <!--[-->
      <div
        id="mi-tab"
        role="tabpanel"
        class="mi-tab__panel"
        tabindex="-1"
        aria-labelledby="mi-tabs-0"
        style="display:none;"
      >
      </div>
      <div
        id="mi-tab"
        role="tabpanel"
        class="mi-tab__panel"
        tabindex="-1"
        aria-labelledby="mi-tabs-1"
        style="display:none;"
      >
      </div>
      <div
        id="mi-tab"
        role="tabpanel"
        class="mi-tab__panel"
        tabindex="-1"
        aria-labelledby="mi-tabs-2"
        style="display:none;"
      >
      </div>
      <div
        id="mi-tab"
        role="tabpanel"
        class="mi-tab__panel"
        tabindex="-1"
        aria-labelledby="mi-tabs-3"
        style="display:none;"
      >
      </div>
    </div>
  </div>
</div>
`;
