// Vitest Snapshot v1, https://vitest.dev/guide/snapshot.html

exports[`should render demo and match snapshot 1`] = `
<!--[-->
<div>
  <!--[-->
  <!--[-->
  <span class="mi-popover__wrapper">
    <!--[-->
    <button
      type="button"
      class="mi-button mi-button--primary mi-button--normal"
      style
    >
      <div class="mi-button__content">
        <span class="mi-button__text">
          <!--[-->
          Light Theme
        </span>
      </div>
    </button>
  </span>
  <!--[-->
  <span class="mi-popover__wrapper">
    <!--[-->
    <button
      type="button"
      class="mi-button mi-button--primary mi-button--normal"
      style
    >
      <div class="mi-button__content">
        <span class="mi-button__text">
          <!--[-->
          Dark Theme
        </span>
      </div>
    </button>
  </span>
</div>
<div>
  <!--[-->
  <div
    class="mi-cell mi-cell--clickable mi-field"
    role="button"
    tabindex="0"
  >
    <div
      class="mi-cell__title mi-field__label"
      style
    >
      <!--[-->
      <label
        id="mi-field-label"
        for="mi-field-input"
        style
      >
        Placement
      </label>
    </div>
    <div class="mi-cell__value mi-field__value">
      <!--[-->
      <div class="mi-field__body">
        <input
          type="text"
          id="mi-field-input"
          name="picker"
          class="mi-field__control"
          readonly
          aria-labelledby="mi-field-label"
        >
      </div>
    </div>
    <i
      class="mi-badge__wrapper mi-icon mi-icon-arrow mi-cell__right-icon"
      style
    >
      <!--[-->
    </i>
  </div>
</div>
<div>
  <!--[-->
  <!--[-->
  <span class="mi-popover__wrapper">
    <!--[-->
    <button
      type="button"
      class="mi-button mi-button--primary mi-button--normal"
      style
    >
      <div class="mi-button__content">
        <span class="mi-button__text">
          <!--[-->
          Horizontal
        </span>
      </div>
    </button>
  </span>
  <!--[-->
  <span class="mi-popover__wrapper">
    <!--[-->
    <button
      type="button"
      class="mi-button mi-button--primary mi-button--normal"
      style
    >
      <div class="mi-button__content">
        <span class="mi-button__text">
          <!--[-->
          Vertical
        </span>
      </div>
    </button>
  </span>
</div>
<div>
  <!--[-->
  <!--[-->
  <span class="mi-popover__wrapper">
    <!--[-->
    <button
      type="button"
      class="mi-button mi-button--primary mi-button--normal"
      style
    >
      <div class="mi-button__content">
        <span class="mi-button__text">
          <!--[-->
          Show Icon
        </span>
      </div>
    </button>
  </span>
  <!--[-->
  <span class="mi-popover__wrapper">
    <!--[-->
    <button
      type="button"
      class="mi-button mi-button--primary mi-button--normal"
      style
    >
      <div class="mi-button__content">
        <span class="mi-button__text">
          <!--[-->
          Disable Action
        </span>
      </div>
    </button>
  </span>
</div>
<div>
  <!--[-->
  <!--[-->
  <span class="mi-popover__wrapper">
    <!--[-->
    <button
      type="button"
      class="mi-button mi-button--primary mi-button--normal"
      style
    >
      <div class="mi-button__content">
        <span class="mi-button__text">
          <!--[-->
          Custom Content
        </span>
      </div>
    </button>
  </span>
</div>
<div>
  <!--[-->
  <!--[-->
  <span class="mi-popover__wrapper">
    <!--[-->
    <button
      type="button"
      class="mi-button mi-button--primary mi-button--normal"
      style
    >
      <div class="mi-button__content">
        <span class="mi-button__text">
          <!--[-->
          Uncontrolled
        </span>
      </div>
    </button>
  </span>
</div>
`;
