// Vitest Snapshot v1, https://vitest.dev/guide/snapshot.html

exports[`should render demo and match snapshot 1`] = `
<div>
  <div class="mi-text-ellipsis">
    ...
    <span class="mi-text-ellipsis__action">
    </span>
  </div>
</div>
<div>
  <div class="mi-text-ellipsis">
    ...
    <span class="mi-text-ellipsis__action">
      expand
    </span>
  </div>
</div>
<div>
  <div class="mi-text-ellipsis">
    ...
    <span class="mi-text-ellipsis__action">
      expand
    </span>
  </div>
</div>
<div>
  <div>
    <div class="mi-text-ellipsis">
      ...
      <span class="mi-text-ellipsis__action">
        expand
      </span>
    </div>
  </div>
  <div>
    <div class="mi-text-ellipsis">
      ...
      <span class="mi-text-ellipsis__action">
        expand
      </span>
    </div>
  </div>
  <div>
    <div class="mi-text-ellipsis">
      ...
      <span class="mi-text-ellipsis__action">
        expand
      </span>
    </div>
  </div>
</div>
`;
