// Vitest Snapshot v1, https://vitest.dev/guide/snapshot.html

exports[`should render demo and match snapshot 1`] = `
<div>
  <nav
    role="navigation"
    class="mi-pagination"
  >
    <ul class="mi-pagination__items">
      <li class="mi-pagination__item mi-pagination__item--disabled mi-pagination__item--prev mi-hairline--surround">
        <button
          type="button"
          disabled
        >
          Prev
        </button>
      </li>
      <li class="mi-pagination__item mi-pagination__item--active mi-pagination__item--page mi-hairline--surround">
        <button
          type="button"
          aria-current="true"
        >
          1
        </button>
      </li>
      <li class="mi-pagination__item mi-pagination__item--page mi-hairline--surround">
        <button type="button">
          2
        </button>
      </li>
      <li class="mi-pagination__item mi-pagination__item--page mi-hairline--surround">
        <button type="button">
          3
        </button>
      </li>
      <li class="mi-pagination__item mi-pagination__item--page mi-hairline--surround">
        <button type="button">
          4
        </button>
      </li>
      <li class="mi-pagination__item mi-pagination__item--page mi-hairline--surround">
        <button type="button">
          5
        </button>
      </li>
      <li class="mi-pagination__item mi-pagination__item--next mi-hairline--surround">
        <button type="button">
          Next
        </button>
      </li>
    </ul>
  </nav>
</div>
<div>
  <nav
    role="navigation"
    class="mi-pagination"
    size="small"
  >
    <ul class="mi-pagination__items">
      <li class="mi-pagination__item mi-pagination__item--disabled mi-pagination__item--border mi-pagination__item--prev mi-hairline--surround">
        <button
          type="button"
          disabled
        >
          Prev
        </button>
      </li>
      <li class="mi-pagination__page-desc">
        1/12
      </li>
      <li class="mi-pagination__item mi-pagination__item--border mi-pagination__item--next mi-hairline--surround">
        <button type="button">
          Next
        </button>
      </li>
    </ul>
  </nav>
</div>
<div>
  <nav
    role="navigation"
    class="mi-pagination"
  >
    <ul class="mi-pagination__items">
      <li class="mi-pagination__item mi-pagination__item--disabled mi-pagination__item--prev mi-hairline--surround">
        <button
          type="button"
          disabled
        >
          Prev
        </button>
      </li>
      <li class="mi-pagination__item mi-pagination__item--active mi-pagination__item--page mi-hairline--surround">
        <button
          type="button"
          aria-current="true"
        >
          1
        </button>
      </li>
      <li class="mi-pagination__item mi-pagination__item--page mi-hairline--surround">
        <button type="button">
          2
        </button>
      </li>
      <li class="mi-pagination__item mi-pagination__item--page mi-hairline--surround">
        <button type="button">
          3
        </button>
      </li>
      <li class="mi-pagination__item mi-pagination__item--page mi-hairline--surround">
        <button type="button">
          ...
        </button>
      </li>
      <li class="mi-pagination__item mi-pagination__item--next mi-hairline--surround">
        <button type="button">
          Next
        </button>
      </li>
    </ul>
  </nav>
</div>
<div>
  <nav
    role="navigation"
    class="mi-pagination"
  >
    <ul class="mi-pagination__items">
      <li class="mi-pagination__item mi-pagination__item--disabled mi-pagination__item--prev mi-hairline--surround">
        <button
          type="button"
          disabled
        >
          <i class="mi-badge__wrapper mi-icon mi-icon-arrow-left">
          </i>
        </button>
      </li>
      <li class="mi-pagination__item mi-pagination__item--active mi-pagination__item--page mi-hairline--surround">
        <button
          type="button"
          aria-current="true"
        >
          1
        </button>
      </li>
      <li class="mi-pagination__item mi-pagination__item--page mi-hairline--surround">
        <button type="button">
          2
        </button>
      </li>
      <li class="mi-pagination__item mi-pagination__item--page mi-hairline--surround">
        <button type="button">
          3
        </button>
      </li>
      <li class="mi-pagination__item mi-pagination__item--page mi-hairline--surround">
        <button type="button">
          4
        </button>
      </li>
      <li class="mi-pagination__item mi-pagination__item--page mi-hairline--surround">
        <button type="button">
          5
        </button>
      </li>
      <li class="mi-pagination__item mi-pagination__item--next mi-hairline--surround">
        <button type="button">
          <i class="mi-badge__wrapper mi-icon mi-icon-arrow">
          </i>
        </button>
      </li>
    </ul>
  </nav>
</div>
`;
