// Vitest Snapshot v1, https://vitest.dev/guide/snapshot.html

exports[`should render demo and match snapshot 1`] = `
<div>
  <div
    class="mi-cell mi-cell--clickable"
    role="button"
    tabindex="0"
  >
    <div class="mi-cell__title">
      <span>
        Basic Usage
      </span>
    </div>
    <i class="mi-badge__wrapper mi-icon mi-icon-arrow mi-cell__right-icon">
    </i>
  </div>
  <div
    class="mi-cell mi-cell--clickable"
    role="button"
    tabindex="0"
  >
    <div class="mi-cell__title">
      <span>
        Show Icon
      </span>
    </div>
    <i class="mi-badge__wrapper mi-icon mi-icon-arrow mi-cell__right-icon">
    </i>
  </div>
  <div
    class="mi-cell mi-cell--clickable"
    role="button"
    tabindex="0"
  >
    <div class="mi-cell__title">
      <span>
        Show Cancel Button
      </span>
    </div>
    <i class="mi-badge__wrapper mi-icon mi-icon-arrow mi-cell__right-icon">
    </i>
  </div>
  <div
    class="mi-cell mi-cell--clickable"
    role="button"
    tabindex="0"
  >
    <div class="mi-cell__title">
      <span>
        Show Description
      </span>
    </div>
    <i class="mi-badge__wrapper mi-icon mi-icon-arrow mi-cell__right-icon">
    </i>
  </div>
</div>
<div>
  <div
    class="mi-cell mi-cell--clickable"
    role="button"
    tabindex="0"
  >
    <div class="mi-cell__title">
      <span>
        Option Status
      </span>
    </div>
    <i class="mi-badge__wrapper mi-icon mi-icon-arrow mi-cell__right-icon">
    </i>
  </div>
</div>
<div>
  <div
    class="mi-cell mi-cell--clickable"
    role="button"
    tabindex="0"
  >
    <div class="mi-cell__title">
      <span>
        Custom Panel
      </span>
    </div>
    <i class="mi-badge__wrapper mi-icon mi-icon-arrow mi-cell__right-icon">
    </i>
  </div>
</div>
<transition-stub
  name="mi-fade"
  appear="true"
  persisted="false"
  css="true"
  role="button"
  tabindex="0"
>
</transition-stub>
<transition-stub
  name="mi-popup-slide-bottom"
  appear="false"
  persisted="false"
  css="true"
>
</transition-stub>
<transition-stub
  name="mi-fade"
  appear="true"
  persisted="false"
  css="true"
  role="button"
  tabindex="0"
>
</transition-stub>
<transition-stub
  name="mi-popup-slide-bottom"
  appear="false"
  persisted="false"
  css="true"
>
</transition-stub>
<transition-stub
  name="mi-fade"
  appear="true"
  persisted="false"
  css="true"
  role="button"
  tabindex="0"
>
</transition-stub>
<transition-stub
  name="mi-popup-slide-bottom"
  appear="false"
  persisted="false"
  css="true"
>
</transition-stub>
<transition-stub
  name="mi-fade"
  appear="true"
  persisted="false"
  css="true"
  role="button"
  tabindex="0"
>
</transition-stub>
<transition-stub
  name="mi-popup-slide-bottom"
  appear="false"
  persisted="false"
  css="true"
>
</transition-stub>
<transition-stub
  name="mi-fade"
  appear="true"
  persisted="false"
  css="true"
  role="button"
  tabindex="0"
>
</transition-stub>
<transition-stub
  name="mi-popup-slide-bottom"
  appear="false"
  persisted="false"
  css="true"
>
</transition-stub>
<transition-stub
  name="mi-fade"
  appear="true"
  persisted="false"
  css="true"
  role="button"
  tabindex="0"
>
</transition-stub>
<transition-stub
  name="mi-popup-slide-bottom"
  appear="false"
  persisted="false"
  css="true"
>
</transition-stub>
`;
