// Vitest Snapshot v1, https://vitest.dev/guide/snapshot.html

exports[`should render demo and match snapshot 1`] = `
<div>
  <div class="mi-picker">
    <div class="mi-picker__toolbar">
      <button
        type="button"
        class="mi-picker__cancel mi-haptics-feedback"
      >
        Cancel
      </button>
      <div class="mi-picker__title mi-ellipsis">
        Choose Date
      </div>
      <button
        type="button"
        class="mi-picker__confirm mi-haptics-feedback"
      >
        Confirm
      </button>
    </div>
    <div
      class="mi-picker__columns"
      style="height: 264px;"
    >
      <div class="mi-picker-column">
        <ul
          style="transform: translate3d(0, 66px, 0); transition-duration: 0ms; transition-property: none;"
          class="mi-picker-column__wrapper"
        >
          <li
            role="button"
            style="height: 44px;"
            tabindex="0"
            class="mi-picker-column__item"
          >
            <div class="mi-ellipsis">
              2020
            </div>
          </li>
          <li
            role="button"
            style="height: 44px;"
            tabindex="0"
            class="mi-picker-column__item mi-picker-column__item--selected"
          >
            <div class="mi-ellipsis">
              2021
            </div>
          </li>
          <li
            role="button"
            style="height: 44px;"
            tabindex="0"
            class="mi-picker-column__item"
          >
            <div class="mi-ellipsis">
              2022
            </div>
          </li>
          <li
            role="button"
            style="height: 44px;"
            tabindex="0"
            class="mi-picker-column__item"
          >
            <div class="mi-ellipsis">
              2023
            </div>
          </li>
          <li
            role="button"
            style="height: 44px;"
            tabindex="0"
            class="mi-picker-column__item"
          >
            <div class="mi-ellipsis">
              2024
            </div>
          </li>
          <li
            role="button"
            style="height: 44px;"
            tabindex="0"
            class="mi-picker-column__item"
          >
            <div class="mi-ellipsis">
              2025
            </div>
          </li>
        </ul>
      </div>
      <div class="mi-picker-column">
        <ul
          style="transform: translate3d(0, 110px, 0); transition-duration: 0ms; transition-property: none;"
          class="mi-picker-column__wrapper"
        >
          <li
            role="button"
            style="height: 44px;"
            tabindex="0"
            class="mi-picker-column__item mi-picker-column__item--selected"
          >
            <div class="mi-ellipsis">
              01
            </div>
          </li>
          <li
            role="button"
            style="height: 44px;"
            tabindex="0"
            class="mi-picker-column__item"
          >
            <div class="mi-ellipsis">
              02
            </div>
          </li>
          <li
            role="button"
            style="height: 44px;"
            tabindex="0"
            class="mi-picker-column__item"
          >
            <div class="mi-ellipsis">
              03
            </div>
          </li>
          <li
            role="button"
            style="height: 44px;"
            tabindex="0"
            class="mi-picker-column__item"
          >
            <div class="mi-ellipsis">
              04
            </div>
          </li>
          <li
            role="button"
            style="height: 44px;"
            tabindex="0"
            class="mi-picker-column__item"
          >
            <div class="mi-ellipsis">
              05
            </div>
          </li>
          <li
            role="button"
            style="height: 44px;"
            tabindex="0"
            class="mi-picker-column__item"
          >
            <div class="mi-ellipsis">
              06
            </div>
          </li>
          <li
            role="button"
            style="height: 44px;"
            tabindex="0"
            class="mi-picker-column__item"
          >
            <div class="mi-ellipsis">
              07
            </div>
          </li>
          <li
            role="button"
            style="height: 44px;"
            tabindex="0"
            class="mi-picker-column__item"
          >
            <div class="mi-ellipsis">
              08
            </div>
          </li>
          <li
            role="button"
            style="height: 44px;"
            tabindex="0"
            class="mi-picker-column__item"
          >
            <div class="mi-ellipsis">
              09
            </div>
          </li>
          <li
            role="button"
            style="height: 44px;"
            tabindex="0"
            class="mi-picker-column__item"
          >
            <div class="mi-ellipsis">
              10
            </div>
          </li>
          <li
            role="button"
            style="height: 44px;"
            tabindex="0"
            class="mi-picker-column__item"
          >
            <div class="mi-ellipsis">
              11
            </div>
          </li>
          <li
            role="button"
            style="height: 44px;"
            tabindex="0"
            class="mi-picker-column__item"
          >
            <div class="mi-ellipsis">
              12
            </div>
          </li>
        </ul>
      </div>
      <div class="mi-picker-column">
        <ul
          style="transform: translate3d(0, 110px, 0); transition-duration: 0ms; transition-property: none;"
          class="mi-picker-column__wrapper"
        >
          <li
            role="button"
            style="height: 44px;"
            tabindex="0"
            class="mi-picker-column__item mi-picker-column__item--selected"
          >
            <div class="mi-ellipsis">
              01
            </div>
          </li>
          <li
            role="button"
            style="height: 44px;"
            tabindex="0"
            class="mi-picker-column__item"
          >
            <div class="mi-ellipsis">
              02
            </div>
          </li>
          <li
            role="button"
            style="height: 44px;"
            tabindex="0"
            class="mi-picker-column__item"
          >
            <div class="mi-ellipsis">
              03
            </div>
          </li>
          <li
            role="button"
            style="height: 44px;"
            tabindex="0"
            class="mi-picker-column__item"
          >
            <div class="mi-ellipsis">
              04
            </div>
          </li>
          <li
            role="button"
            style="height: 44px;"
            tabindex="0"
            class="mi-picker-column__item"
          >
            <div class="mi-ellipsis">
              05
            </div>
          </li>
          <li
            role="button"
            style="height: 44px;"
            tabindex="0"
            class="mi-picker-column__item"
          >
            <div class="mi-ellipsis">
              06
            </div>
          </li>
          <li
            role="button"
            style="height: 44px;"
            tabindex="0"
            class="mi-picker-column__item"
          >
            <div class="mi-ellipsis">
              07
            </div>
          </li>
          <li
            role="button"
            style="height: 44px;"
            tabindex="0"
            class="mi-picker-column__item"
          >
            <div class="mi-ellipsis">
              08
            </div>
          </li>
          <li
            role="button"
            style="height: 44px;"
            tabindex="0"
            class="mi-picker-column__item"
          >
            <div class="mi-ellipsis">
              09
            </div>
          </li>
          <li
            role="button"
            style="height: 44px;"
            tabindex="0"
            class="mi-picker-column__item"
          >
            <div class="mi-ellipsis">
              10
            </div>
          </li>
          <li
            role="button"
            style="height: 44px;"
            tabindex="0"
            class="mi-picker-column__item"
          >
            <div class="mi-ellipsis">
              11
            </div>
          </li>
          <li
            role="button"
            style="height: 44px;"
            tabindex="0"
            class="mi-picker-column__item"
          >
            <div class="mi-ellipsis">
              12
            </div>
          </li>
          <li
            role="button"
            style="height: 44px;"
            tabindex="0"
            class="mi-picker-column__item"
          >
            <div class="mi-ellipsis">
              13
            </div>
          </li>
          <li
            role="button"
            style="height: 44px;"
            tabindex="0"
            class="mi-picker-column__item"
          >
            <div class="mi-ellipsis">
              14
            </div>
          </li>
          <li
            role="button"
            style="height: 44px;"
            tabindex="0"
            class="mi-picker-column__item"
          >
            <div class="mi-ellipsis">
              15
            </div>
          </li>
          <li
            role="button"
            style="height: 44px;"
            tabindex="0"
            class="mi-picker-column__item"
          >
            <div class="mi-ellipsis">
              16
            </div>
          </li>
          <li
            role="button"
            style="height: 44px;"
            tabindex="0"
            class="mi-picker-column__item"
          >
            <div class="mi-ellipsis">
              17
            </div>
          </li>
          <li
            role="button"
            style="height: 44px;"
            tabindex="0"
            class="mi-picker-column__item"
          >
            <div class="mi-ellipsis">
              18
            </div>
          </li>
          <li
            role="button"
            style="height: 44px;"
            tabindex="0"
            class="mi-picker-column__item"
          >
            <div class="mi-ellipsis">
              19
            </div>
          </li>
          <li
            role="button"
            style="height: 44px;"
            tabindex="0"
            class="mi-picker-column__item"
          >
            <div class="mi-ellipsis">
              20
            </div>
          </li>
          <li
            role="button"
            style="height: 44px;"
            tabindex="0"
            class="mi-picker-column__item"
          >
            <div class="mi-ellipsis">
              21
            </div>
          </li>
          <li
            role="button"
            style="height: 44px;"
            tabindex="0"
            class="mi-picker-column__item"
          >
            <div class="mi-ellipsis">
              22
            </div>
          </li>
          <li
            role="button"
            style="height: 44px;"
            tabindex="0"
            class="mi-picker-column__item"
          >
            <div class="mi-ellipsis">
              23
            </div>
          </li>
          <li
            role="button"
            style="height: 44px;"
            tabindex="0"
            class="mi-picker-column__item"
          >
            <div class="mi-ellipsis">
              24
            </div>
          </li>
          <li
            role="button"
            style="height: 44px;"
            tabindex="0"
            class="mi-picker-column__item"
          >
            <div class="mi-ellipsis">
              25
            </div>
          </li>
          <li
            role="button"
            style="height: 44px;"
            tabindex="0"
            class="mi-picker-column__item"
          >
            <div class="mi-ellipsis">
              26
            </div>
          </li>
          <li
            role="button"
            style="height: 44px;"
            tabindex="0"
            class="mi-picker-column__item"
          >
            <div class="mi-ellipsis">
              27
            </div>
          </li>
          <li
            role="button"
            style="height: 44px;"
            tabindex="0"
            class="mi-picker-column__item"
          >
            <div class="mi-ellipsis">
              28
            </div>
          </li>
          <li
            role="button"
            style="height: 44px;"
            tabindex="0"
            class="mi-picker-column__item"
          >
            <div class="mi-ellipsis">
              29
            </div>
          </li>
          <li
            role="button"
            style="height: 44px;"
            tabindex="0"
            class="mi-picker-column__item"
          >
            <div class="mi-ellipsis">
              30
            </div>
          </li>
          <li
            role="button"
            style="height: 44px;"
            tabindex="0"
            class="mi-picker-column__item"
          >
            <div class="mi-ellipsis">
              31
            </div>
          </li>
        </ul>
      </div>
      <div
        class="mi-picker__mask"
        style="background-size: 100% 110px;"
      >
      </div>
      <div
        class="mi-hairline-unset--top-bottom mi-picker__frame"
        style="height: 44px;"
      >
      </div>
    </div>
  </div>
</div>
<div>
  <div class="mi-picker">
    <div class="mi-picker__toolbar">
      <button
        type="button"
        class="mi-picker__cancel mi-haptics-feedback"
      >
        Cancel
      </button>
      <div class="mi-picker__title mi-ellipsis">
        Choose Year-Month
      </div>
      <button
        type="button"
        class="mi-picker__confirm mi-haptics-feedback"
      >
        Confirm
      </button>
    </div>
    <div
      class="mi-picker__columns"
      style="height: 264px;"
    >
      <div class="mi-picker-column">
        <ul
          style="transform: translate3d(0, 66px, 0); transition-duration: 0ms; transition-property: none;"
          class="mi-picker-column__wrapper"
        >
          <li
            role="button"
            style="height: 44px;"
            tabindex="0"
            class="mi-picker-column__item"
          >
            <div class="mi-ellipsis">
              2020
            </div>
          </li>
          <li
            role="button"
            style="height: 44px;"
            tabindex="0"
            class="mi-picker-column__item mi-picker-column__item--selected"
          >
            <div class="mi-ellipsis">
              2021
            </div>
          </li>
          <li
            role="button"
            style="height: 44px;"
            tabindex="0"
            class="mi-picker-column__item"
          >
            <div class="mi-ellipsis">
              2022
            </div>
          </li>
          <li
            role="button"
            style="height: 44px;"
            tabindex="0"
            class="mi-picker-column__item"
          >
            <div class="mi-ellipsis">
              2023
            </div>
          </li>
          <li
            role="button"
            style="height: 44px;"
            tabindex="0"
            class="mi-picker-column__item"
          >
            <div class="mi-ellipsis">
              2024
            </div>
          </li>
          <li
            role="button"
            style="height: 44px;"
            tabindex="0"
            class="mi-picker-column__item"
          >
            <div class="mi-ellipsis">
              2025
            </div>
          </li>
        </ul>
      </div>
      <div class="mi-picker-column">
        <ul
          style="transform: translate3d(0, 110px, 0); transition-duration: 0ms; transition-property: none;"
          class="mi-picker-column__wrapper"
        >
          <li
            role="button"
            style="height: 44px;"
            tabindex="0"
            class="mi-picker-column__item mi-picker-column__item--selected"
          >
            <div class="mi-ellipsis">
              01
            </div>
          </li>
          <li
            role="button"
            style="height: 44px;"
            tabindex="0"
            class="mi-picker-column__item"
          >
            <div class="mi-ellipsis">
              02
            </div>
          </li>
          <li
            role="button"
            style="height: 44px;"
            tabindex="0"
            class="mi-picker-column__item"
          >
            <div class="mi-ellipsis">
              03
            </div>
          </li>
          <li
            role="button"
            style="height: 44px;"
            tabindex="0"
            class="mi-picker-column__item"
          >
            <div class="mi-ellipsis">
              04
            </div>
          </li>
          <li
            role="button"
            style="height: 44px;"
            tabindex="0"
            class="mi-picker-column__item"
          >
            <div class="mi-ellipsis">
              05
            </div>
          </li>
          <li
            role="button"
            style="height: 44px;"
            tabindex="0"
            class="mi-picker-column__item"
          >
            <div class="mi-ellipsis">
              06
            </div>
          </li>
          <li
            role="button"
            style="height: 44px;"
            tabindex="0"
            class="mi-picker-column__item"
          >
            <div class="mi-ellipsis">
              07
            </div>
          </li>
          <li
            role="button"
            style="height: 44px;"
            tabindex="0"
            class="mi-picker-column__item"
          >
            <div class="mi-ellipsis">
              08
            </div>
          </li>
          <li
            role="button"
            style="height: 44px;"
            tabindex="0"
            class="mi-picker-column__item"
          >
            <div class="mi-ellipsis">
              09
            </div>
          </li>
          <li
            role="button"
            style="height: 44px;"
            tabindex="0"
            class="mi-picker-column__item"
          >
            <div class="mi-ellipsis">
              10
            </div>
          </li>
          <li
            role="button"
            style="height: 44px;"
            tabindex="0"
            class="mi-picker-column__item"
          >
            <div class="mi-ellipsis">
              11
            </div>
          </li>
          <li
            role="button"
            style="height: 44px;"
            tabindex="0"
            class="mi-picker-column__item"
          >
            <div class="mi-ellipsis">
              12
            </div>
          </li>
        </ul>
      </div>
      <div
        class="mi-picker__mask"
        style="background-size: 100% 110px;"
      >
      </div>
      <div
        class="mi-hairline-unset--top-bottom mi-picker__frame"
        style="height: 44px;"
      >
      </div>
    </div>
  </div>
</div>
<div>
  <div class="mi-picker">
    <div class="mi-picker__toolbar">
      <button
        type="button"
        class="mi-picker__cancel mi-haptics-feedback"
      >
        Cancel
      </button>
      <div class="mi-picker__title mi-ellipsis">
        Choose Year-Month
      </div>
      <button
        type="button"
        class="mi-picker__confirm mi-haptics-feedback"
      >
        Confirm
      </button>
    </div>
    <div
      class="mi-picker__columns"
      style="height: 264px;"
    >
      <div class="mi-picker-column">
        <ul
          style="transform: translate3d(0, 66px, 0); transition-duration: 0ms; transition-property: none;"
          class="mi-picker-column__wrapper"
        >
          <li
            role="button"
            style="height: 44px;"
            tabindex="0"
            class="mi-picker-column__item"
          >
            <div class="mi-ellipsis">
              2020 Year
            </div>
          </li>
          <li
            role="button"
            style="height: 44px;"
            tabindex="0"
            class="mi-picker-column__item mi-picker-column__item--selected"
          >
            <div class="mi-ellipsis">
              2021 Year
            </div>
          </li>
          <li
            role="button"
            style="height: 44px;"
            tabindex="0"
            class="mi-picker-column__item"
          >
            <div class="mi-ellipsis">
              2022 Year
            </div>
          </li>
          <li
            role="button"
            style="height: 44px;"
            tabindex="0"
            class="mi-picker-column__item"
          >
            <div class="mi-ellipsis">
              2023 Year
            </div>
          </li>
          <li
            role="button"
            style="height: 44px;"
            tabindex="0"
            class="mi-picker-column__item"
          >
            <div class="mi-ellipsis">
              2024 Year
            </div>
          </li>
          <li
            role="button"
            style="height: 44px;"
            tabindex="0"
            class="mi-picker-column__item"
          >
            <div class="mi-ellipsis">
              2025 Year
            </div>
          </li>
        </ul>
      </div>
      <div class="mi-picker-column">
        <ul
          style="transform: translate3d(0, 110px, 0); transition-duration: 0ms; transition-property: none;"
          class="mi-picker-column__wrapper"
        >
          <li
            role="button"
            style="height: 44px;"
            tabindex="0"
            class="mi-picker-column__item mi-picker-column__item--selected"
          >
            <div class="mi-ellipsis">
              01 Month
            </div>
          </li>
          <li
            role="button"
            style="height: 44px;"
            tabindex="0"
            class="mi-picker-column__item"
          >
            <div class="mi-ellipsis">
              02 Month
            </div>
          </li>
          <li
            role="button"
            style="height: 44px;"
            tabindex="0"
            class="mi-picker-column__item"
          >
            <div class="mi-ellipsis">
              03 Month
            </div>
          </li>
          <li
            role="button"
            style="height: 44px;"
            tabindex="0"
            class="mi-picker-column__item"
          >
            <div class="mi-ellipsis">
              04 Month
            </div>
          </li>
          <li
            role="button"
            style="height: 44px;"
            tabindex="0"
            class="mi-picker-column__item"
          >
            <div class="mi-ellipsis">
              05 Month
            </div>
          </li>
          <li
            role="button"
            style="height: 44px;"
            tabindex="0"
            class="mi-picker-column__item"
          >
            <div class="mi-ellipsis">
              06 Month
            </div>
          </li>
          <li
            role="button"
            style="height: 44px;"
            tabindex="0"
            class="mi-picker-column__item"
          >
            <div class="mi-ellipsis">
              07 Month
            </div>
          </li>
          <li
            role="button"
            style="height: 44px;"
            tabindex="0"
            class="mi-picker-column__item"
          >
            <div class="mi-ellipsis">
              08 Month
            </div>
          </li>
          <li
            role="button"
            style="height: 44px;"
            tabindex="0"
            class="mi-picker-column__item"
          >
            <div class="mi-ellipsis">
              09 Month
            </div>
          </li>
          <li
            role="button"
            style="height: 44px;"
            tabindex="0"
            class="mi-picker-column__item"
          >
            <div class="mi-ellipsis">
              10 Month
            </div>
          </li>
          <li
            role="button"
            style="height: 44px;"
            tabindex="0"
            class="mi-picker-column__item"
          >
            <div class="mi-ellipsis">
              11 Month
            </div>
          </li>
          <li
            role="button"
            style="height: 44px;"
            tabindex="0"
            class="mi-picker-column__item"
          >
            <div class="mi-ellipsis">
              12 Month
            </div>
          </li>
        </ul>
      </div>
      <div
        class="mi-picker__mask"
        style="background-size: 100% 110px;"
      >
      </div>
      <div
        class="mi-hairline-unset--top-bottom mi-picker__frame"
        style="height: 44px;"
      >
      </div>
    </div>
  </div>
</div>
<div>
  <div class="mi-picker">
    <div class="mi-picker__toolbar">
      <button
        type="button"
        class="mi-picker__cancel mi-haptics-feedback"
      >
        Cancel
      </button>
      <button
        type="button"
        class="mi-picker__confirm mi-haptics-feedback"
      >
        Confirm
      </button>
    </div>
    <div
      class="mi-picker__columns"
      style="height: 264px;"
    >
      <div class="mi-picker-column">
        <ul
          style="transform: translate3d(0, 66px, 0); transition-duration: 0ms; transition-property: none;"
          class="mi-picker-column__wrapper"
        >
          <li
            role="button"
            style="height: 44px;"
            tabindex="0"
            class="mi-picker-column__item"
          >
            <div class="mi-ellipsis">
              2020
            </div>
          </li>
          <li
            role="button"
            style="height: 44px;"
            tabindex="0"
            class="mi-picker-column__item mi-picker-column__item--selected"
          >
            <div class="mi-ellipsis">
              2021
            </div>
          </li>
          <li
            role="button"
            style="height: 44px;"
            tabindex="0"
            class="mi-picker-column__item"
          >
            <div class="mi-ellipsis">
              2022
            </div>
          </li>
          <li
            role="button"
            style="height: 44px;"
            tabindex="0"
            class="mi-picker-column__item"
          >
            <div class="mi-ellipsis">
              2023
            </div>
          </li>
          <li
            role="button"
            style="height: 44px;"
            tabindex="0"
            class="mi-picker-column__item"
          >
            <div class="mi-ellipsis">
              2024
            </div>
          </li>
          <li
            role="button"
            style="height: 44px;"
            tabindex="0"
            class="mi-picker-column__item"
          >
            <div class="mi-ellipsis">
              2025
            </div>
          </li>
        </ul>
      </div>
      <div class="mi-picker-column">
        <ul
          style="transform: translate3d(0, 110px, 0); transition-duration: 0ms; transition-property: none;"
          class="mi-picker-column__wrapper"
        >
          <li
            role="button"
            style="height: 44px;"
            tabindex="0"
            class="mi-picker-column__item mi-picker-column__item--selected"
          >
            <div class="mi-ellipsis">
              06
            </div>
          </li>
          <li
            role="button"
            style="height: 44px;"
            tabindex="0"
            class="mi-picker-column__item"
          >
            <div class="mi-ellipsis">
              12
            </div>
          </li>
        </ul>
      </div>
      <div
        class="mi-picker__mask"
        style="background-size: 100% 110px;"
      >
      </div>
      <div
        class="mi-hairline-unset--top-bottom mi-picker__frame"
        style="height: 44px;"
      >
      </div>
    </div>
  </div>
</div>
`;
