// Vitest Snapshot v1, https://vitest.dev/guide/snapshot.html

exports[`lazy-render prop 1`] = `
<div class="mi-calendar">
  <div class="mi-calendar__header">
    <div class="mi-calendar__header-title">
      Calendar
    </div>
    <div class="mi-calendar__header-subtitle">
    </div>
    <div class="mi-calendar__weekdays">
      <span class="mi-calendar__weekday">
        Sun
      </span>
      <span class="mi-calendar__weekday">
        Mon
      </span>
      <span class="mi-calendar__weekday">
        Tue
      </span>
      <span class="mi-calendar__weekday">
        Wed
      </span>
      <span class="mi-calendar__weekday">
        Thu
      </span>
      <span class="mi-calendar__weekday">
        Fri
      </span>
      <span class="mi-calendar__weekday">
        Sat
      </span>
    </div>
  </div>
  <div class="mi-calendar__body">
    <div class="mi-calendar__month">
      <div
        role="grid"
        class="mi-calendar__days"
      >
        <div class="mi-calendar__month-mark">
          1
        </div>
        <div
          role="gridcell"
          style="margin-left: 71.42857142857143%;"
          class="mi-calendar__day mi-calendar__day--disabled"
        >
          1
        </div>
        <div
          role="gridcell"
          class="mi-calendar__day mi-calendar__day--disabled"
        >
          2
        </div>
        <div
          role="gridcell"
          class="mi-calendar__day mi-calendar__day--disabled"
        >
          3
        </div>
        <div
          role="gridcell"
          class="mi-calendar__day mi-calendar__day--disabled"
        >
          4
        </div>
        <div
          role="gridcell"
          class="mi-calendar__day mi-calendar__day--disabled"
        >
          5
        </div>
        <div
          role="gridcell"
          class="mi-calendar__day mi-calendar__day--disabled"
        >
          6
        </div>
        <div
          role="gridcell"
          class="mi-calendar__day mi-calendar__day--disabled"
        >
          7
        </div>
        <div
          role="gridcell"
          class="mi-calendar__day mi-calendar__day--disabled"
        >
          8
        </div>
        <div
          role="gridcell"
          class="mi-calendar__day mi-calendar__day--disabled"
        >
          9
        </div>
        <div
          role="gridcell"
          class="mi-calendar__day"
          tabindex="-1"
        >
          10
        </div>
        <div
          role="gridcell"
          class="mi-calendar__day"
          tabindex="-1"
        >
          11
        </div>
        <div
          role="gridcell"
          class="mi-calendar__day"
          tabindex="-1"
        >
          12
        </div>
        <div
          role="gridcell"
          class="mi-calendar__day"
          tabindex="-1"
        >
          13
        </div>
        <div
          role="gridcell"
          class="mi-calendar__day"
          tabindex="-1"
        >
          14
        </div>
        <div
          role="gridcell"
          class="mi-calendar__day"
          tabindex="-1"
        >
          15
        </div>
        <div
          role="gridcell"
          class="mi-calendar__day"
          tabindex="-1"
        >
          16
        </div>
        <div
          role="gridcell"
          class="mi-calendar__day"
          tabindex="-1"
        >
          17
        </div>
        <div
          role="gridcell"
          class="mi-calendar__day"
          tabindex="-1"
        >
          18
        </div>
        <div
          role="gridcell"
          class="mi-calendar__day"
          tabindex="-1"
        >
          19
        </div>
        <div
          role="gridcell"
          class="mi-calendar__day mi-calendar__day--selected"
          tabindex="-1"
        >
          <div class="mi-calendar__selected-day">
            20
          </div>
        </div>
        <div
          role="gridcell"
          class="mi-calendar__day mi-calendar__day--disabled"
        >
          21
        </div>
        <div
          role="gridcell"
          class="mi-calendar__day mi-calendar__day--disabled"
        >
          22
        </div>
        <div
          role="gridcell"
          class="mi-calendar__day mi-calendar__day--disabled"
        >
          23
        </div>
        <div
          role="gridcell"
          style="margin-bottom: 0px;"
          class="mi-calendar__day mi-calendar__day--disabled"
        >
          24
        </div>
        <div
          role="gridcell"
          style="margin-bottom: 0px;"
          class="mi-calendar__day mi-calendar__day--disabled"
        >
          25
        </div>
        <div
          role="gridcell"
          style="margin-bottom: 0px;"
          class="mi-calendar__day mi-calendar__day--disabled"
        >
          26
        </div>
        <div
          role="gridcell"
          style="margin-bottom: 0px;"
          class="mi-calendar__day mi-calendar__day--disabled"
        >
          27
        </div>
        <div
          role="gridcell"
          style="margin-bottom: 0px;"
          class="mi-calendar__day mi-calendar__day--disabled"
        >
          28
        </div>
        <div
          role="gridcell"
          style="margin-bottom: 0px;"
          class="mi-calendar__day mi-calendar__day--disabled"
        >
          29
        </div>
        <div
          role="gridcell"
          style="margin-bottom: 0px;"
          class="mi-calendar__day mi-calendar__day--disabled"
        >
          30
        </div>
        <div
          role="gridcell"
          style="margin-bottom: 0px;"
          class="mi-calendar__day mi-calendar__day--disabled"
        >
          31
        </div>
      </div>
    </div>
  </div>
  <div class="mi-calendar__footer mi-safe-area-bottom">
    <button
      type="button"
      class="mi-button mi-button--primary mi-button--normal mi-button--block mi-button--round mi-calendar__confirm"
    >
      <div class="mi-button__content">
        <span class="mi-button__text">
          Confirm
        </span>
      </div>
    </button>
  </div>
</div>
`;
