// Vitest Snapshot v1, https://vitest.dev/guide/snapshot.html

exports[`should render default slot correctly 1`] = `
<button
  type="button"
  class="mi-button mi-button--default mi-button--large mi-action-bar-button"
>
  <div class="mi-button__content">
    <span class="mi-button__text">
      Content
    </span>
  </div>
</button>
`;
