// Vitest Snapshot v1, https://vitest.dev/guide/snapshot.html

exports[`should render demo and match snapshot 1`] = `
<div>
  <div
    class="mi-cell mi-cell--clickable"
    role="button"
    tabindex="0"
  >
    <div class="mi-cell__title">
      <span>
        Alert
      </span>
    </div>
    <i class="mi-badge__wrapper mi-icon mi-icon-arrow mi-cell__right-icon">
    </i>
  </div>
  <div
    class="mi-cell mi-cell--clickable"
    role="button"
    tabindex="0"
  >
    <div class="mi-cell__title">
      <span>
        Alert without title
      </span>
    </div>
    <i class="mi-badge__wrapper mi-icon mi-icon-arrow mi-cell__right-icon">
    </i>
  </div>
  <div
    class="mi-cell mi-cell--clickable"
    role="button"
    tabindex="0"
  >
    <div class="mi-cell__title">
      <span>
        Confirm dialog
      </span>
    </div>
    <i class="mi-badge__wrapper mi-icon mi-icon-arrow mi-cell__right-icon">
    </i>
  </div>
</div>
<div>
  <div
    class="mi-cell mi-cell--clickable"
    role="button"
    tabindex="0"
  >
    <div class="mi-cell__title">
      <span>
        Alert
      </span>
    </div>
    <i class="mi-badge__wrapper mi-icon mi-icon-arrow mi-cell__right-icon">
    </i>
  </div>
  <div
    class="mi-cell mi-cell--clickable"
    role="button"
    tabindex="0"
  >
    <div class="mi-cell__title">
      <span>
        Alert without title
      </span>
    </div>
    <i class="mi-badge__wrapper mi-icon mi-icon-arrow mi-cell__right-icon">
    </i>
  </div>
</div>
<div>
  <div
    class="mi-cell mi-cell--clickable"
    role="button"
    tabindex="0"
  >
    <div class="mi-cell__title">
      <span>
        Before Close
      </span>
    </div>
    <i class="mi-badge__wrapper mi-icon mi-icon-arrow mi-cell__right-icon">
    </i>
  </div>
</div>
<div>
  <div
    class="mi-cell mi-cell--clickable"
    role="button"
    tabindex="0"
  >
    <div class="mi-cell__title">
      <span>
        Use Dialog Component
      </span>
    </div>
    <i class="mi-badge__wrapper mi-icon mi-icon-arrow mi-cell__right-icon">
    </i>
  </div>
  <transition-stub
    name="mi-fade"
    appear="true"
    persisted="false"
    css="true"
  >
  </transition-stub>
  <transition-stub
    name="mi-dialog-bounce"
    appear="false"
    persisted="false"
    css="true"
  >
    <div
      role="dialog"
      tabindex="0"
      class="mi-popup mi-popup--center mi-dialog"
      aria-labelledby="Title"
      style="display: none;"
    >
      <div class="mi-dialog__header">
        Title
      </div>
      <div class="mi-dialog__content">
        <img src="https://cdn.jsdelivr.net/gh/wuxingxi888/CDN_IMG_BED/avatar.jpg">
      </div>
      <div class="mi-hairline--top mi-dialog__footer">
        <button
          type="button"
          class="mi-button mi-button--default mi-button--large mi-dialog__cancel"
        >
          <div class="mi-button__content">
            <span class="mi-button__text">
              Cancel
            </span>
          </div>
        </button>
        <button
          type="button"
          class="mi-button mi-button--default mi-button--large mi-dialog__confirm mi-hairline--left"
        >
          <div class="mi-button__content">
            <span class="mi-button__text">
              Confirm
            </span>
          </div>
        </button>
      </div>
    </div>
  </transition-stub>
</div>
`;
